Microchip Technology Inc, vv3_31 (A) j

Tool Name:
  c:\program files (x86)\microchip\mplab c30\bin\bin\..\bin/pic30-coff-ld.exe

Command:
  -p24FJ128GB106 \
  -ouPINPoint.cof \
  -Lc:/program files (x86)/microchip/mplab c30/bin/bin/.. \
  -Lc:/program files (x86)/microchip/mplab c30/bin/bin/../../lib \
  -Lc:/program files (x86)/microchip/mplab c30/bin/bin/../../lib/PIC24E \
  -Lc:/program files (x86)/microchip/mplab c30/bin/bin/../../support/PIC24E/gld \
  -Lc:/program files (x86)/microchip/mplab c30/bin/bin/../../lib/PIC24F \
  -Lc:/program files (x86)/microchip/mplab c30/bin/bin/../../support/PIC24F/gld \
  -Lc:/program files (x86)/microchip/mplab c30/bin/bin/../../lib/PIC24H \
  -Lc:/program files (x86)/microchip/mplab c30/bin/bin/../../support/PIC24H/gld \
  -Lc:/program files (x86)/microchip/mplab c30/bin/bin/../../lib/dsPIC30F \
  -Lc:/program files (x86)/microchip/mplab c30/bin/bin/../../support/dsPIC30F/gld \
  -Lc:/program files (x86)/microchip/mplab c30/bin/bin/../../lib/dsPIC33E \
  -Lc:/program files (x86)/microchip/mplab c30/bin/bin/../../support/dsPIC33E/gld \
  -Lc:/program files (x86)/microchip/mplab c30/bin/bin/../../lib/dsPIC33F \
  -Lc:/program files (x86)/microchip/mplab c30/bin/bin/../../support/dsPIC33F/gld \
  Objects\C30\usb_descriptors.o \
  Objects\C30\usb_device.o \
  Objects\C30\usb_function_msd.o \
  Objects\C30\SD-SPI.o \
  Objects\C30\FSIO.o \
  Objects\C30\usb_function_hid.o \
  Objects\C30\I2C.o \
  Objects\C30\Main.o \
  Objects\C30\Sensor.o \
  Objects\C30\ADC.o \
  -LC:\Program Files\Microchip\MPLAB C30\lib \
  -Tcustom_linker_script_p24FJ128GB106.gld.00 \
  --defsym=__MPLAB_BUILD=1 \
  --defsym=__MPLAB_DEBUG=1 \
  --heap=1000 \
  -Map=uPINPoint.map \
  --report-mem \
  -start-group \
  --library=pic30-coff \
  --library=m-coff \
  --library=c-coff \
  -end-group \

Archive member included because of file (symbol)

c:/program files (x86)/microchip/mplab c30/bin/bin/../../lib/PIC24F\libpPIC24Fxxx-coff.a(RtccReadTimeDate_v1.o)
                              Objects\C30\Main.o (RtccReadTimeDate_v1)
c:/program files (x86)/microchip/mplab c30/bin/bin/../../lib/PIC24F\libpPIC24Fxxx-coff.a(RtccWrOn_v1.o)
                              Objects\C30\Main.o (RtccWrOn_v1)
c:/program files (x86)/microchip/mplab c30/bin/bin/../../lib/PIC24F\libpPIC24Fxxx-coff.a(RtccSetAlarmRpt_v1.o)
                              Objects\C30\Main.o (RtccSetAlarmRpt_v1)
c:/program files (x86)/microchip/mplab c30/bin/bin/../../lib/PIC24F\libpPIC24Fxxx-coff.a(RtccSetChimeEnbl_v1.o)
                              Objects\C30\Main.o (RtccSetChimeEnable_v1)
c:/program files (x86)/microchip/mplab c30/bin/bin/../../lib/PIC24F\libpPIC24Fxxx-coff.a(RTCCInitClock_v1.o)
                              Objects\C30\Main.o (RtccInitClock_v1)
c:/program files (x86)/microchip/mplab c30/bin/bin/../../lib/PIC24F\libpPIC24Fxxx-coff.a(RtccWriteTimeDate_v1.o)
                              Objects\C30\Main.o (RtccWriteTimeDate_v1)
c:/program files (x86)/microchip/mplab c30/bin/bin/../../lib\libpic30-coff.a(crt0_standard.o)
                              (_resetPRI)
c:/program files (x86)/microchip/mplab c30/bin/bin/../../lib\libpic30-coff.a(data_init_standard.o)
                              c:/program files (x86)/microchip/mplab c30/bin/bin/../../lib\libpic30-coff.a(crt0_standard.o) (_data_init_standard)
c:/program files (x86)/microchip/mplab c30/bin/bin/../../lib\libm-coff.a(udivsi3.o)
                              Objects\C30\FSIO.o (__udivsi3)
c:/program files (x86)/microchip/mplab c30/bin/bin/../../lib\libm-coff.a(umodsi3.o)
                              Objects\C30\FSIO.o (__umodsi3)
c:/program files (x86)/microchip/mplab c30/bin/bin/../../lib\libm-coff.a(modsi3.o)
                              Objects\C30\Main.o (__modsi3)
c:/program files (x86)/microchip/mplab c30/bin/bin/../../lib\libm-coff.a(divsi3.o)
                              Objects\C30\Main.o (__divsi3)
c:/program files (x86)/microchip/mplab c30/bin/bin/../../lib\libm-coff.a(floatsidf.o)
                              Objects\C30\Sensor.o (__floatsidf)
c:/program files (x86)/microchip/mplab c30/bin/bin/../../lib\libm-coff.a(divdf3.o)
                              Objects\C30\Sensor.o (__divdf3)
c:/program files (x86)/microchip/mplab c30/bin/bin/../../lib\libm-coff.a(pow.o)
                              Objects\C30\Sensor.o (pow)
c:/program files (x86)/microchip/mplab c30/bin/bin/../../lib\libm-coff.a(subdf3.o)
                              Objects\C30\Sensor.o (__subdf3)
c:/program files (x86)/microchip/mplab c30/bin/bin/../../lib\libm-coff.a(muldf3.o)
                              Objects\C30\Sensor.o (__muldf3)
c:/program files (x86)/microchip/mplab c30/bin/bin/../../lib\libm-coff.a(fixdfsi.o)
                              Objects\C30\Sensor.o (__fixdfsi)
c:/program files (x86)/microchip/mplab c30/bin/bin/../../lib\libm-coff.a(adddf3.o)
[...]
Memory Configuration

Name             Origin             Length             Attributes
data             0x000800           0x004000           a !xr
reset            0x000000           0x000004  
ivt              0x000004           0x0000fc  
aivt             0x000104           0x0000fc  
app_ivt          0x001400           0x000110  
program          0x001510           0x013ce8           xr
config4          0x0157f8           0x000002  
config3          0x0157fa           0x000002  
config2          0x0157fc           0x000002  
config1          0x0157fe           0x000002  
*default*        0x000000           0xffffffff  

Linker script and memory map

LOAD Objects\C30\usb_descriptors.o
LOAD Objects\C30\usb_device.o
LOAD Objects\C30\usb_function_msd.o
LOAD Objects\C30\SD-SPI.o
LOAD Objects\C30\FSIO.o
LOAD Objects\C30\usb_function_hid.o
LOAD Objects\C30\I2C.o
LOAD Objects\C30\Main.o
LOAD Objects\C30\Sensor.o
LOAD Objects\C30\ADC.o
LOAD c:/program files (x86)/microchip/mplab c30/bin/bin/../../lib/PIC24F\libpPIC24Fxxx-coff.a
                    0x157fa                  __CONFIG3 = 0x157fa
                    0x157fc                  __CONFIG2 = 0x157fc
                    0x157fe                  __CONFIG1 = 0x157fe
                    0x0004                  __IVT_BASE = 0x4
                    0x0104                  __AIVT_BASE = 0x104
                    0x0800                  __DATA_BASE = 0x800
                    0x0200                  __CODE_BASE = 0x200
                    0x1400                  __APP_IVT_BASE = 0x1400

.reset            0x000000          0x4
                  0x000000          0x2 SHORT 0x1510 ABSOLUTE (__reset)
                  0x000001          0x2 SHORT 0x4
                  0x000002          0x2 SHORT 0x0 ((ABSOLUTE (__reset) >> 0x10) & 0x7f)
                  0x000003          0x2 SHORT 0x0

.text             0x001510       0x17dc
 *(.init)
 .init            0x001510         0x32 c:/program files (x86)/microchip/mplab c30/bin/bin/../../lib\libpic30-coff.a(crt0_standard.o)
                  0x001510                  _resetPRI
                  0x001510                  _reset
                  0x001532                  _psv_init
 .init            0x001542         0x5e c:/program files (x86)/microchip/mplab c30/bin/bin/../../lib\libpic30-coff.a(data_init_standard.o)
                  0x001542                  _data_init_standard
                  0x001542                  _data_init
 *(.user_init)
 *(.handle)
 .handle          0x0015a0         0x1c jump_table
 *(.libc)
 .libc            0x0015bc          0xe c:/program files (x86)/microchip/mplab c30/bin/bin/../../lib\libc-coff.a(tolower.XXo)
                  0x0015bc                  tolower
 .libc            0x0015ca          0xe c:/program files (x86)/microchip/mplab c30/bin/bin/../../lib\libc-coff.a(toupper.XXo)
                  0x0015ca                  toupper
 .libc            0x0015d8         0x6e c:/program files (x86)/microchip/mplab c30/bin/bin/../../lib\libpic30-coff.a(write.o)
                  0x0015d8                  write
 .libc            0x001646          0xc c:/program files (x86)/microchip/mplab c30/bin/bin/../../lib\libm-coff.a(mulsi3.o)
                  0x001646                  __mulp32peds3
                  0x001646                  __mulsi3
                  0x001646                  __mulp32eds3
 *(.libm)
 .libm            0x001652         0x20 c:/program files (x86)/microchip/mplab c30/bin/bin/../../lib\libm-coff.a(udivsi3.o)
                  0x001652                  __udivsi3
 .libm            0x001672          0x6 c:/program files (x86)/microchip/mplab c30/bin/bin/../../lib\libm-coff.a(umodsi3.o)
                  0x001672                  __umodsi3
 .libm            0x001678         0x1e c:/program files (x86)/microchip/mplab c30/bin/bin/../../lib\libm-coff.a(modsi3.o)
                  0x001678                  __modsi3
 .libm            0x001696         0x1e c:/program files (x86)/microchip/mplab c30/bin/bin/../../lib\libm-coff.a(divsi3.o)
                  0x001696                  __divsi3
 .libm            0x0016b4          0x6 c:/program files (x86)/microchip/mplab c30/bin/bin/../../lib\libm-coff.a(floatsidf.o)
                  0x0016b4                  __floatsidf
 .libm            0x0016ba         0xb4 c:/program files (x86)/microchip/mplab c30/bin/bin/../../lib\libm-coff.a(divdf3.o)
                  0x0016ba                  __divdf3
 .libm            0x00176e        0x23c c:/program files (x86)/microchip/mplab c30/bin/bin/../../lib\libm-coff.a(pow.o)
                  0x00176e                  pow
                  0x00176e                  powl
 .libm            0x0019aa          0x4 c:/program files (x86)/microchip/mplab c30/bin/bin/../../lib\libm-coff.a(subdf3.o)
                  0x0019aa                  __subdf3
 .libm            0x0019ae         0xea c:/program files (x86)/microchip/mplab c30/bin/bin/../../lib\libm-coff.a(muldf3.o)
                  0x0019ae                  __muldf3
 .libm            0x001a98         0x58 c:/program files (x86)/microchip/mplab c30/bin/bin/../../lib\libm-coff.a(fixdfsi.o)
                  0x001a98                  __fixdfsi
 .libm            0x001af0         0xfa c:/program files (x86)/microchip/mplab c30/bin/bin/../../lib\libm-coff.a(adddf3.o)
                  0x001af0                  __adddf3
 .libm            0x001bea         0x4c c:/program files (x86)/microchip/mplab c30/bin/bin/../../lib\libm-coff.a(fixunsdfsi.o)
                  0x001bea                  __fixunsdfsi
 .libm            0x001c36         0x6e c:/program files (x86)/microchip/mplab c30/bin/bin/../../lib\libm-coff.a(floatdidf.o)
                  0x001c36                  __floatdidf
 .libm            0x001ca4         0x32 c:/program files (x86)/microchip/mplab c30/bin/bin/../../lib\libm-coff.a(dunpack2.o)
                  0x001ca4                  _dunpack2
                  0x001cc6                  _dreturnNaN
                  0x001ccc                  _dunpack2exit
 .libm            0x001cd6         0x58 c:/program files (x86)/microchip/mplab c30/bin/bin/../../lib\libm-coff.a(dpack.o)
                  0x001cd6                  _dpack
 .libm            0x001d2e         0x24 c:/program files (x86)/microchip/mplab c30/bin/bin/../../lib\libm-coff.a(dtype.o)
                  0x001d2e                  _dtype
 .libm            0x001d52         0x88 c:/program files (x86)/microchip/mplab c30/bin/bin/../../lib\libm-coff.a(dchop.o)
                  0x001d52                  _dchop
 .libm            0x001dda         0x3a c:/program files (x86)/microchip/mplab c30/bin/bin/../../lib\libm-coff.a(frexp.o)
                  0x001dda                  frexp
                  0x001dda                  frexpl
 .libm            0x001e14          0xa c:/program files (x86)/microchip/mplab c30/bin/bin/../../lib\libm-coff.a(deqltle.o)
                  0x001e14                  __eqdf2
                  0x001e14                  __ltdf2
                  0x001e14                  __ledf2
 .libm            0x001e1e         0x66 c:/program files (x86)/microchip/mplab c30/bin/bin/../../lib\libm-coff.a(ldexp.o)
                  0x001e1e                  ldexp
                  0x001e1e                  ldexpl
 .libm            0x001e84        0x130 c:/program files (x86)/microchip/mplab c30/bin/bin/../../lib\libm-coff.a(log.o)
                  0x001e84                  log
                  0x001e84                  logl
 .libm            0x001fb4        0x130 c:/program files (x86)/microchip/mplab c30/bin/bin/../../lib\libm-coff.a(exp.o)
                  0x001fb4                  exp
                  0x001fb4                  expl
 .libm            0x0020e4         0x4e c:/program files (x86)/microchip/mplab c30/bin/bin/../../lib\libm-coff.a(dunpack.o)
                  0x0020e4                  _dunpack
 .libm            0x002132         0x1c c:/program files (x86)/microchip/mplab c30/bin/bin/../../lib\libm-coff.a(dpropagateNaN.o)
                  0x002132                  _dPropagateNaN
 .libm            0x00214e         0x52 c:/program files (x86)/microchip/mplab c30/bin/bin/../../lib\libm-coff.a(dcompare.o)
                  0x00214e                  _dcompare
 .libm            0x0021a0          0xa c:/program files (x86)/microchip/mplab c30/bin/bin/../../lib\libm-coff.a(dgtge.o)
                  0x0021a0                  __gtdf2
                  0x0021a0                  __gedf2
 .libm            0x0021aa        0x216 c:/program files (x86)/microchip/mplab c30/bin/bin/../../lib\libm-coff.a(divmoddi3.o)
                  0x0021d0                  __udivmoddi3
                  0x00229e                  __udivdi3
                  0x0022ac                  __umoddi3
                  0x0022b4                  __divdi3
                  0x0022ee                  __moddi3
 *(.libdsp)
 *(.lib*)
 .libperi         0x0023c0         0x38 c:/program files (x86)/microchip/mplab c30/bin/bin/../../lib/PIC24F\libpPIC24Fxxx-coff.a(RtccReadTimeDate_v1.o)
                  0x0023c0                  RtccReadTimeDate_v1
 .libperi         0x0023f8         0x2e c:/program files (x86)/microchip/mplab c30/bin/bin/../../lib/PIC24F\libpPIC24Fxxx-coff.a(RtccWrOn_v1.o)
                  0x0023f8                  RtccWrOn_v1
 .libperi         0x002426         0x3a c:/program files (x86)/microchip/mplab c30/bin/bin/../../lib/PIC24F\libpPIC24Fxxx-coff.a(RtccSetAlarmRpt_v1.o)
                  0x002426                  RtccSetAlarmRpt_v1
 .libperi         0x002460         0x36 c:/program files (x86)/microchip/mplab c30/bin/bin/../../lib/PIC24F\libpPIC24Fxxx-coff.a(RtccSetChimeEnbl_v1.o)
                  0x002460                  RtccSetChimeEnable_v1
 .libperi         0x002496         0x24 c:/program files (x86)/microchip/mplab c30/bin/bin/../../lib/PIC24F\libpPIC24Fxxx-coff.a(RTCCInitClock_v1.o)
                  0x002496                  RtccInitClock_v1
 .libperi         0x0024ba         0xca c:/program files (x86)/microchip/mplab c30/bin/bin/../../lib/PIC24F\libpPIC24Fxxx-coff.a(RtccWriteTimeDate_v1.o)
                  0x0024ba                  RtccWriteTimeDate_v1
 .libc.strlen     0x002584          0xc c:/program files (x86)/microchip/mplab c30/bin/bin/../../lib\libc-coff.a(strlen.XXo)
                  0x002584                  strlen
 .libc.memset     0x002590          0xe c:/program files (x86)/microchip/mplab c30/bin/bin/../../lib\libc-coff.a(memset.XXo)
                  0x002590                  memset
 .libc.strncpy    0x00259e         0x2e c:/program files (x86)/microchip/mplab c30/bin/bin/../../lib\libc-coff.a(strncpy.XXo)
                  0x00259e                  strncpy
 .libc.strcpy     0x0025cc         0x10 c:/program files (x86)/microchip/mplab c30/bin/bin/../../lib\libc-coff.a(strcpy.XXo)
                  0x0025cc                  strcpy
 .libc._dsprintf_cdnopuxX
                  0x0025dc         0x2e c:/program files (x86)/microchip/mplab c30/bin/bin/../../lib\libc-coff.a(dsprintf_cdnopuxX.XXo)
                  0x0025dc                  _dsprintf_cdnopuxX
 .libc.atol       0x00260a         0x64 c:/program files (x86)/microchip/mplab c30/bin/bin/../../lib\libc-coff.a(atol.XXo)
                  0x00260a                  atol
 .libc._dvfprintf_cdnopuxX
                  0x00266e        0x56a c:/program files (x86)/microchip/mplab c30/bin/bin/../../lib\libc-coff.a(ddoprnt_cdnopuxX.XXo)
                  0x00266e                  _dvfprintf_cdnopuxX
 .libc.fputc      0x002bd8         0x8e c:/program files (x86)/microchip/mplab c30/bin/bin/../../lib\libc-coff.a(fputc.XXo)
                  0x002bd8                  fputc
 .libc._flsbuf    0x002c66         0x86 c:/program files (x86)/microchip/mplab c30/bin/bin/../../lib\libc-coff.a(flsbuf.XXo)
                  0x002c66                  _flsbuf

usercode
 *(usercode)

__CONFIG3         0x0157fa          0x2
 *(__CONFIG3.sec)
 __CONFIG3.sec    0x0157fa          0x2 Objects\C30\Main.o

__CONFIG2         0x0157fc          0x2
 *(__CONFIG2.sec)
 __CONFIG2.sec    0x0157fc          0x2 Objects\C30\Main.o

__CONFIG1         0x0157fe          0x2
 *(__CONFIG1.sec)
 __CONFIG1.sec    0x0157fe          0x2 Objects\C30\Main.o

.comment
 *(.comment)

.debug_info
 *(.debug_info)
 *(.gnu.linkonce.wi.*)

.debug_abbrev
 *(.debug_abbrev)

.debug_line
 *(.debug_line)

.debug_frame
 *(.debug_frame)

.debug_str
 *(.debug_str)

.debug_loc
 *(.debug_loc)

.debug_macinfo
 *(.debug_macinfo)

.debug_pubnames
 *(.debug_pubnames)

.debug_ranges
 *(.debug_ranges)

.debug_aranges
 *(.debug_aranges)

.application_ivt
                  0x001400        0x110
                  0x001400          0x2 SHORT 0x1510 ABSOLUTE (__reset)
                  0x001401          0x2 SHORT 0x4
                  0x001402          0x2 SHORT 0x0 ((ABSOLUTE (__reset) >> 0x10) & 0x7f)
                  0x001403          0x2 SHORT 0x0
                  0x001404          0x2 SHORT 0x10ff2 DEFINED (__ReservedTrap0)?ABSOLUTE (__ReservedTrap0):ABSOLUTE (__DefaultInterrupt)
                  0x001405          0x2 SHORT 0x4
                  0x001406          0x2 SHORT 0x1 DEFINED (__ReservedTrap0)?((ABSOLUTE (__ReservedTrap0) >> 0x10) & 0x7f):((ABSOLUTE (__DefaultInterrupt) >> 0x10) & 0x7f)
                  0x001407          0x2 SHORT 0x0
                  0x001408          0x2 SHORT 0x10ff2 DEFINED (__OscillatorFail)?ABSOLUTE (__OscillatorFail):ABSOLUTE (__DefaultInterrupt)
                  0x001409          0x2 SHORT 0x4
                  0x00140a          0x2 SHORT 0x1 DEFINED (__OscillatorFail)?((ABSOLUTE (__OscillatorFail) >> 0x10) & 0x7f):((ABSOLUTE (__DefaultInterrupt) >> 0x10) & 0x7f)
                  0x00140b          0x2 SHORT 0x0
                  0x00140c          0x2 SHORT 0x10ff2 DEFINED (__AddressError)?ABSOLUTE (__AddressError):ABSOLUTE (__DefaultInterrupt)
                  0x00140d          0x2 SHORT 0x4
                  0x00140e          0x2 SHORT 0x1 DEFINED (__AddressError)?((ABSOLUTE (__AddressError) >> 0x10) & 0x7f):((ABSOLUTE (__DefaultInterrupt) >> 0x10) & 0x7f)
                  0x00140f          0x2 SHORT 0x0
                  0x001410          0x2 SHORT 0x10ff2 DEFINED (__StackError)?ABSOLUTE (__StackError):ABSOLUTE (__DefaultInterrupt)
                  0x001411          0x2 SHORT 0x4
                  0x001412          0x2 SHORT 0x1 DEFINED (__StackError)?((ABSOLUTE (__StackError) >> 0x10) & 0x7f):((ABSOLUTE (__DefaultInterrupt) >> 0x10) & 0x7f)
                  0x001413          0x2 SHORT 0x0
                  0x001414          0x2 SHORT 0x10ff2 DEFINED (__MathError)?ABSOLUTE (__MathError):ABSOLUTE (__DefaultInterrupt)
                  0x001415          0x2 SHORT 0x4
                  0x001416          0x2 SHORT 0x1 DEFINED (__MathError)?((ABSOLUTE (__MathError) >> 0x10) & 0x7f):((ABSOLUTE (__DefaultInterrupt) >> 0x10) & 0x7f)
                  0x001417          0x2 SHORT 0x0
                  0x001418          0x2 SHORT 0x10ff2 DEFINED (__INT0Interrupt)?ABSOLUTE (__INT0Interrupt):ABSOLUTE (__DefaultInterrupt)
                  0x001419          0x2 SHORT 0x4
                  0x00141a          0x2 SHORT 0x1 DEFINED (__INT0Interrupt)?((ABSOLUTE (__INT0Interrupt) >> 0x10) & 0x7f):((ABSOLUTE (__DefaultInterrupt) >> 0x10) & 0x7f)
                  0x00141b          0x2 SHORT 0x0
                  0x00141c          0x2 SHORT 0x10ff2 DEFINED (__IC1Interrupt)?ABSOLUTE (__IC1Interrupt):ABSOLUTE (__DefaultInterrupt)
                  0x00141d          0x2 SHORT 0x4
                  0x00141e          0x2 SHORT 0x1 DEFINED (__IC1Interrupt)?((ABSOLUTE (__IC1Interrupt) >> 0x10) & 0x7f):((ABSOLUTE (__DefaultInterrupt) >> 0x10) & 0x7f)
                  0x00141f          0x2 SHORT 0x0
                  0x001420          0x2 SHORT 0x10ff2 DEFINED (__OC1Interrupt)?ABSOLUTE (__OC1Interrupt):ABSOLUTE (__DefaultInterrupt)
                  0x001421          0x2 SHORT 0x4
                  0x001422          0x2 SHORT 0x1 DEFINED (__OC1Interrupt)?((ABSOLUTE (__OC1Interrupt) >> 0x10) & 0x7f):((ABSOLUTE (__DefaultInterrupt) >> 0x10) & 0x7f)
                  0x001423          0x2 SHORT 0x0
                  0x001424          0x2 SHORT 0xbeaa DEFINED (__T1Interrupt)?ABSOLUTE (__T1Interrupt):ABSOLUTE (__DefaultInterrupt)
                  0x001425          0x2 SHORT 0x4
                  0x001426          0x2 SHORT 0x0 DEFINED (__T1Interrupt)?((ABSOLUTE (__T1Interrupt) >> 0x10) & 0x7f):((ABSOLUTE (__DefaultInterrupt) >> 0x10) & 0x7f)
                  0x001427          0x2 SHORT 0x0
                  0x001428          0x2 SHORT 0x10ff2 DEFINED (__IC2Interrupt)?ABSOLUTE (__IC2Interrupt):ABSOLUTE (__DefaultInterrupt)
                  0x001429          0x2 SHORT 0x4
                  0x00142a          0x2 SHORT 0x1 DEFINED (__IC2Interrupt)?((ABSOLUTE (__IC2Interrupt) >> 0x10) & 0x7f):((ABSOLUTE (__DefaultInterrupt) >> 0x10) & 0x7f)
                  0x00142b          0x2 SHORT 0x0
                  0x00142c          0x2 SHORT 0x10ff2 DEFINED (__OC2Interrupt)?ABSOLUTE (__OC2Interrupt):ABSOLUTE (__DefaultInterrupt)
                  0x00142d          0x2 SHORT 0x4
                  0x00142e          0x2 SHORT 0x1 DEFINED (__OC2Interrupt)?((ABSOLUTE (__OC2Interrupt) >> 0x10) & 0x7f):((ABSOLUTE (__DefaultInterrupt) >> 0x10) & 0x7f)
                  0x00142f          0x2 SHORT 0x0
                  0x001430          0x2 SHORT 0x10ff2 DEFINED (__T2Interrupt)?ABSOLUTE (__T2Interrupt):ABSOLUTE (__DefaultInterrupt)
                  0x001431          0x2 SHORT 0x4
                  0x001432          0x2 SHORT 0x1 DEFINED (__T2Interrupt)?((ABSOLUTE (__T2Interrupt) >> 0x10) & 0x7f):((ABSOLUTE (__DefaultInterrupt) >> 0x10) & 0x7f)
                  0x001433          0x2 SHORT 0x0
                  0x001434          0x2 SHORT 0x10ff2 DEFINED (__T3Interrupt)?ABSOLUTE (__T3Interrupt):ABSOLUTE (__DefaultInterrupt)
                  0x001435          0x2 SHORT 0x4
                  0x001436          0x2 SHORT 0x1 DEFINED (__T3Interrupt)?((ABSOLUTE (__T3Interrupt) >> 0x10) & 0x7f):((ABSOLUTE (__DefaultInterrupt) >> 0x10) & 0x7f)
                  0x001437          0x2 SHORT 0x0
                  0x001438          0x2 SHORT 0x10ff2 DEFINED (__SPI1ErrInterrupt)?ABSOLUTE (__SPI1ErrInterrupt):ABSOLUTE (__DefaultInterrupt)
                  0x001439          0x2 SHORT 0x4
                  0x00143a          0x2 SHORT 0x1 DEFINED (__SPI1ErrInterrupt)?((ABSOLUTE (__SPI1ErrInterrupt) >> 0x10) & 0x7f):((ABSOLUTE (__DefaultInterrupt) >> 0x10) & 0x7f)
                  0x00143b          0x2 SHORT 0x0
                  0x00143c          0x2 SHORT 0x10ff2 DEFINED (__SPI1Interrupt)?ABSOLUTE (__SPI1Interrupt):ABSOLUTE (__DefaultInterrupt)
                  0x00143d          0x2 SHORT 0x4
                  0x00143e          0x2 SHORT 0x1 DEFINED (__SPI1Interrupt)?((ABSOLUTE (__SPI1Interrupt) >> 0x10) & 0x7f):((ABSOLUTE (__DefaultInterrupt) >> 0x10) & 0x7f)
                  0x00143f          0x2 SHORT 0x0
                  0x001440          0x2 SHORT 0x10ff2 DEFINED (__U1RXInterrupt)?ABSOLUTE (__U1RXInterrupt):ABSOLUTE (__DefaultInterrupt)
                  0x001441          0x2 SHORT 0x4
                  0x001442          0x2 SHORT 0x1 DEFINED (__U1RXInterrupt)?((ABSOLUTE (__U1RXInterrupt) >> 0x10) & 0x7f):((ABSOLUTE (__DefaultInterrupt) >> 0x10) & 0x7f)
                  0x001443          0x2 SHORT 0x0
                  0x001444          0x2 SHORT 0x10ff2 DEFINED (__U1TXInterrupt)?ABSOLUTE (__U1TXInterrupt):ABSOLUTE (__DefaultInterrupt)
                  0x001445          0x2 SHORT 0x4
                  0x001446          0x2 SHORT 0x1 DEFINED (__U1TXInterrupt)?((ABSOLUTE (__U1TXInterrupt) >> 0x10) & 0x7f):((ABSOLUTE (__DefaultInterrupt) >> 0x10) & 0x7f)
                  0x001447          0x2 SHORT 0x0
                  0x001448          0x2 SHORT 0x10ff2 DEFINED (__ADC1Interrupt)?ABSOLUTE (__ADC1Interrupt):ABSOLUTE (__DefaultInterrupt)
                  0x001449          0x2 SHORT 0x4
                  0x00144a          0x2 SHORT 0x1 DEFINED (__ADC1Interrupt)?((ABSOLUTE (__ADC1Interrupt) >> 0x10) & 0x7f):((ABSOLUTE (__DefaultInterrupt) >> 0x10) & 0x7f)
                  0x00144b          0x2 SHORT 0x0
                  0x00144c          0x2 SHORT 0x10ff2 DEFINED (__SI2C1Interrupt)?ABSOLUTE (__SI2C1Interrupt):ABSOLUTE (__DefaultInterrupt)
                  0x00144d          0x2 SHORT 0x4
                  0x00144e          0x2 SHORT 0x1 DEFINED (__SI2C1Interrupt)?((ABSOLUTE (__SI2C1Interrupt) >> 0x10) & 0x7f):((ABSOLUTE (__DefaultInterrupt) >> 0x10) & 0x7f)
                  0x00144f          0x2 SHORT 0x0
                  0x001450          0x2 SHORT 0x10ff2 DEFINED (__MI2C1Interrupt)?ABSOLUTE (__MI2C1Interrupt):ABSOLUTE (__DefaultInterrupt)
                  0x001451          0x2 SHORT 0x4
                  0x001452          0x2 SHORT 0x1 DEFINED (__MI2C1Interrupt)?((ABSOLUTE (__MI2C1Interrupt) >> 0x10) & 0x7f):((ABSOLUTE (__DefaultInterrupt) >> 0x10) & 0x7f)
                  0x001453          0x2 SHORT 0x0
                  0x001454          0x2 SHORT 0x10ff2 DEFINED (__CompInterrupt)?ABSOLUTE (__CompInterrupt):ABSOLUTE (__DefaultInterrupt)
                  0x001455          0x2 SHORT 0x4
                  0x001456          0x2 SHORT 0x1 DEFINED (__CompInterrupt)?((ABSOLUTE (__CompInterrupt) >> 0x10) & 0x7f):((ABSOLUTE (__DefaultInterrupt) >> 0x10) & 0x7f)
                  0x001457          0x2 SHORT 0x0
                  0x001458          0x2 SHORT 0xbffa DEFINED (__CNInterrupt)?ABSOLUTE (__CNInterrupt):ABSOLUTE (__DefaultInterrupt)
                  0x001459          0x2 SHORT 0x4
                  0x00145a          0x2 SHORT 0x0 DEFINED (__CNInterrupt)?((ABSOLUTE (__CNInterrupt) >> 0x10) & 0x7f):((ABSOLUTE (__DefaultInterrupt) >> 0x10) & 0x7f)
                  0x00145b          0x2 SHORT 0x0
                  0x00145c          0x2 SHORT 0x10ff2 DEFINED (__INT1Interrupt)?ABSOLUTE (__INT1Interrupt):ABSOLUTE (__DefaultInterrupt)
                  0x00145d          0x2 SHORT 0x4
                  0x00145e          0x2 SHORT 0x1 DEFINED (__INT1Interrupt)?((ABSOLUTE (__INT1Interrupt) >> 0x10) & 0x7f):((ABSOLUTE (__DefaultInterrupt) >> 0x10) & 0x7f)
                  0x00145f          0x2 SHORT 0x0
                  0x001460          0x2 SHORT 0x10ff2 DEFINED (__IC7Interrupt)?ABSOLUTE (__IC7Interrupt):ABSOLUTE (__DefaultInterrupt)
                  0x001461          0x2 SHORT 0x4
                  0x001462          0x2 SHORT 0x1 DEFINED (__IC7Interrupt)?((ABSOLUTE (__IC7Interrupt) >> 0x10) & 0x7f):((ABSOLUTE (__DefaultInterrupt) >> 0x10) & 0x7f)
                  0x001463          0x2 SHORT 0x0
                  0x001464          0x2 SHORT 0x10ff2 DEFINED (__IC8Interrupt)?ABSOLUTE (__IC8Interrupt):ABSOLUTE (__DefaultInterrupt)
                  0x001465          0x2 SHORT 0x4
                  0x001466          0x2 SHORT 0x1 DEFINED (__IC8Interrupt)?((ABSOLUTE (__IC8Interrupt) >> 0x10) & 0x7f):((ABSOLUTE (__DefaultInterrupt) >> 0x10) & 0x7f)
                  0x001467          0x2 SHORT 0x0
                  0x001468          0x2 SHORT 0x10ff2 DEFINED (__OC3Interrupt)?ABSOLUTE (__OC3Interrupt):ABSOLUTE (__DefaultInterrupt)
                  0x001469          0x2 SHORT 0x4
                  0x00146a          0x2 SHORT 0x1 DEFINED (__OC3Interrupt)?((ABSOLUTE (__OC3Interrupt) >> 0x10) & 0x7f):((ABSOLUTE (__DefaultInterrupt) >> 0x10) & 0x7f)
                  0x00146b          0x2 SHORT 0x0
                  0x00146c          0x2 SHORT 0x10ff2 DEFINED (__OC4Interrupt)?ABSOLUTE (__OC4Interrupt):ABSOLUTE (__DefaultInterrupt)
                  0x00146d          0x2 SHORT 0x4
                  0x00146e          0x2 SHORT 0x1 DEFINED (__OC4Interrupt)?((ABSOLUTE (__OC4Interrupt) >> 0x10) & 0x7f):((ABSOLUTE (__DefaultInterrupt) >> 0x10) & 0x7f)
                  0x00146f          0x2 SHORT 0x0
                  0x001470          0x2 SHORT 0x10ff2 DEFINED (__T4Interrupt)?ABSOLUTE (__T4Interrupt):ABSOLUTE (__DefaultInterrupt)
                  0x001471          0x2 SHORT 0x4
                  0x001472          0x2 SHORT 0x1 DEFINED (__T4Interrupt)?((ABSOLUTE (__T4Interrupt) >> 0x10) & 0x7f):((ABSOLUTE (__DefaultInterrupt) >> 0x10) & 0x7f)
                  0x001473          0x2 SHORT 0x0
                  0x001474          0x2 SHORT 0x10ff2 DEFINED (__T5Interrupt)?ABSOLUTE (__T5Interrupt):ABSOLUTE (__DefaultInterrupt)
                  0x001475          0x2 SHORT 0x4
                  0x001476          0x2 SHORT 0x1 DEFINED (__T5Interrupt)?((ABSOLUTE (__T5Interrupt) >> 0x10) & 0x7f):((ABSOLUTE (__DefaultInterrupt) >> 0x10) & 0x7f)
                  0x001477          0x2 SHORT 0x0
                  0x001478          0x2 SHORT 0x10ff2 DEFINED (__INT2Interrupt)?ABSOLUTE (__INT2Interrupt):ABSOLUTE (__DefaultInterrupt)
                  0x001479          0x2 SHORT 0x4
                  0x00147a          0x2 SHORT 0x1 DEFINED (__INT2Interrupt)?((ABSOLUTE (__INT2Interrupt) >> 0x10) & 0x7f):((ABSOLUTE (__DefaultInterrupt) >> 0x10) & 0x7f)
                  0x00147b          0x2 SHORT 0x0
                  0x00147c          0x2 SHORT 0x10ff2 DEFINED (__U2RXInterrupt)?ABSOLUTE (__U2RXInterrupt):ABSOLUTE (__DefaultInterrupt)
                  0x00147d          0x2 SHORT 0x4
                  0x00147e          0x2 SHORT 0x1 DEFINED (__U2RXInterrupt)?((ABSOLUTE (__U2RXInterrupt) >> 0x10) & 0x7f):((ABSOLUTE (__DefaultInterrupt) >> 0x10) & 0x7f)
                  0x00147f          0x2 SHORT 0x0
                  0x001480          0x2 SHORT 0x10ff2 DEFINED (__U2TXInterrupt)?ABSOLUTE (__U2TXInterrupt):ABSOLUTE (__DefaultInterrupt)
                  0x001481          0x2 SHORT 0x4
                  0x001482          0x2 SHORT 0x1 DEFINED (__U2TXInterrupt)?((ABSOLUTE (__U2TXInterrupt) >> 0x10) & 0x7f):((ABSOLUTE (__DefaultInterrupt) >> 0x10) & 0x7f)
                  0x001483          0x2 SHORT 0x0
                  0x001484          0x2 SHORT 0x10ff2 DEFINED (__SPI2ErrInterrupt)?ABSOLUTE (__SPI2ErrInterrupt):ABSOLUTE (__DefaultInterrupt)
                  0x001485          0x2 SHORT 0x4
                  0x001486          0x2 SHORT 0x1 DEFINED (__SPI2ErrInterrupt)?((ABSOLUTE (__SPI2ErrInterrupt) >> 0x10) & 0x7f):((ABSOLUTE (__DefaultInterrupt) >> 0x10) & 0x7f)
                  0x001487          0x2 SHORT 0x0
                  0x001488          0x2 SHORT 0x10ff2 DEFINED (__SPI2Interrupt)?ABSOLUTE (__SPI2Interrupt):ABSOLUTE (__DefaultInterrupt)
                  0x001489          0x2 SHORT 0x4
                  0x00148a          0x2 SHORT 0x1 DEFINED (__SPI2Interrupt)?((ABSOLUTE (__SPI2Interrupt) >> 0x10) & 0x7f):((ABSOLUTE (__DefaultInterrupt) >> 0x10) & 0x7f)
                  0x00148b          0x2 SHORT 0x0
                  0x00148c          0x2 SHORT 0x10ff2 DEFINED (__IC3Interrupt)?ABSOLUTE (__IC3Interrupt):ABSOLUTE (__DefaultInterrupt)
                  0x00148d          0x2 SHORT 0x4
                  0x00148e          0x2 SHORT 0x1 DEFINED (__IC3Interrupt)?((ABSOLUTE (__IC3Interrupt) >> 0x10) & 0x7f):((ABSOLUTE (__DefaultInterrupt) >> 0x10) & 0x7f)
                  0x00148f          0x2 SHORT 0x0
                  0x001490          0x2 SHORT 0x10ff2 DEFINED (__IC4Interrupt)?ABSOLUTE (__IC4Interrupt):ABSOLUTE (__DefaultInterrupt)
                  0x001491          0x2 SHORT 0x4
                  0x001492          0x2 SHORT 0x1 DEFINED (__IC4Interrupt)?((ABSOLUTE (__IC4Interrupt) >> 0x10) & 0x7f):((ABSOLUTE (__DefaultInterrupt) >> 0x10) & 0x7f)
                  0x001493          0x2 SHORT 0x0
                  0x001494          0x2 SHORT 0x10ff2 DEFINED (__IC5Interrupt)?ABSOLUTE (__IC5Interrupt):ABSOLUTE (__DefaultInterrupt)
                  0x001495          0x2 SHORT 0x4
                  0x001496          0x2 SHORT 0x1 DEFINED (__IC5Interrupt)?((ABSOLUTE (__IC5Interrupt) >> 0x10) & 0x7f):((ABSOLUTE (__DefaultInterrupt) >> 0x10) & 0x7f)
                  0x001497          0x2 SHORT 0x0
                  0x001498          0x2 SHORT 0x10ff2 DEFINED (__IC6Interrupt)?ABSOLUTE (__IC6Interrupt):ABSOLUTE (__DefaultInterrupt)
                  0x001499          0x2 SHORT 0x4
                  0x00149a          0x2 SHORT 0x1 DEFINED (__IC6Interrupt)?((ABSOLUTE (__IC6Interrupt) >> 0x10) & 0x7f):((ABSOLUTE (__DefaultInterrupt) >> 0x10) & 0x7f)
                  0x00149b          0x2 SHORT 0x0
                  0x00149c          0x2 SHORT 0x10ff2 DEFINED (__OC5Interrupt)?ABSOLUTE (__OC5Interrupt):ABSOLUTE (__DefaultInterrupt)
                  0x00149d          0x2 SHORT 0x4
                  0x00149e          0x2 SHORT 0x1 DEFINED (__OC5Interrupt)?((ABSOLUTE (__OC5Interrupt) >> 0x10) & 0x7f):((ABSOLUTE (__DefaultInterrupt) >> 0x10) & 0x7f)
                  0x00149f          0x2 SHORT 0x0
                  0x0014a0          0x2 SHORT 0x10ff2 DEFINED (__OC6Interrupt)?ABSOLUTE (__OC6Interrupt):ABSOLUTE (__DefaultInterrupt)
                  0x0014a1          0x2 SHORT 0x4
                  0x0014a2          0x2 SHORT 0x1 DEFINED (__OC6Interrupt)?((ABSOLUTE (__OC6Interrupt) >> 0x10) & 0x7f):((ABSOLUTE (__DefaultInterrupt) >> 0x10) & 0x7f)
                  0x0014a3          0x2 SHORT 0x0
                  0x0014a4          0x2 SHORT 0x10ff2 DEFINED (__OC7Interrupt)?ABSOLUTE (__OC7Interrupt):ABSOLUTE (__DefaultInterrupt)
                  0x0014a5          0x2 SHORT 0x4
                  0x0014a6          0x2 SHORT 0x1 DEFINED (__OC7Interrupt)?((ABSOLUTE (__OC7Interrupt) >> 0x10) & 0x7f):((ABSOLUTE (__DefaultInterrupt) >> 0x10) & 0x7f)
                  0x0014a7          0x2 SHORT 0x0
                  0x0014a8          0x2 SHORT 0x10ff2 DEFINED (__OC8Interrupt)?ABSOLUTE (__OC8Interrupt):ABSOLUTE (__DefaultInterrupt)
                  0x0014a9          0x2 SHORT 0x4
                  0x0014aa          0x2 SHORT 0x1 DEFINED (__OC8Interrupt)?((ABSOLUTE (__OC8Interrupt) >> 0x10) & 0x7f):((ABSOLUTE (__DefaultInterrupt) >> 0x10) & 0x7f)
                  0x0014ab          0x2 SHORT 0x0
                  0x0014ac          0x2 SHORT 0x10ff2 DEFINED (__PMPInterrupt)?ABSOLUTE (__PMPInterrupt):ABSOLUTE (__DefaultInterrupt)
                  0x0014ad          0x2 SHORT 0x4
                  0x0014ae          0x2 SHORT 0x1 DEFINED (__PMPInterrupt)?((ABSOLUTE (__PMPInterrupt) >> 0x10) & 0x7f):((ABSOLUTE (__DefaultInterrupt) >> 0x10) & 0x7f)
                  0x0014af          0x2 SHORT 0x0
                  0x0014b0          0x2 SHORT 0x10ff2 DEFINED (__SI2C2Interrupt)?ABSOLUTE (__SI2C2Interrupt):ABSOLUTE (__DefaultInterrupt)
                  0x0014b1          0x2 SHORT 0x4
                  0x0014b2          0x2 SHORT 0x1 DEFINED (__SI2C2Interrupt)?((ABSOLUTE (__SI2C2Interrupt) >> 0x10) & 0x7f):((ABSOLUTE (__DefaultInterrupt) >> 0x10) & 0x7f)
                  0x0014b3          0x2 SHORT 0x0
                  0x0014b4          0x2 SHORT 0x10ff2 DEFINED (__MI2C2Interrupt)?ABSOLUTE (__MI2C2Interrupt):ABSOLUTE (__DefaultInterrupt)
                  0x0014b5          0x2 SHORT 0x4
                  0x0014b6          0x2 SHORT 0x1 DEFINED (__MI2C2Interrupt)?((ABSOLUTE (__MI2C2Interrupt) >> 0x10) & 0x7f):((ABSOLUTE (__DefaultInterrupt) >> 0x10) & 0x7f)
                  0x0014b7          0x2 SHORT 0x0
                  0x0014b8          0x2 SHORT 0x10ff2 DEFINED (__INT3Interrupt)?ABSOLUTE (__INT3Interrupt):ABSOLUTE (__DefaultInterrupt)
                  0x0014b9          0x2 SHORT 0x4
                  0x0014ba          0x2 SHORT 0x1 DEFINED (__INT3Interrupt)?((ABSOLUTE (__INT3Interrupt) >> 0x10) & 0x7f):((ABSOLUTE (__DefaultInterrupt) >> 0x10) & 0x7f)
                  0x0014bb          0x2 SHORT 0x0
                  0x0014bc          0x2 SHORT 0x10ff2 DEFINED (__INT4Interrupt)?ABSOLUTE (__INT4Interrupt):ABSOLUTE (__DefaultInterrupt)
                  0x0014bd          0x2 SHORT 0x4
                  0x0014be          0x2 SHORT 0x1 DEFINED (__INT4Interrupt)?((ABSOLUTE (__INT4Interrupt) >> 0x10) & 0x7f):((ABSOLUTE (__DefaultInterrupt) >> 0x10) & 0x7f)
                  0x0014bf          0x2 SHORT 0x0
                  0x0014c0          0x2 SHORT 0xbefa DEFINED (__RTCCInterrupt)?ABSOLUTE (__RTCCInterrupt):ABSOLUTE (__DefaultInterrupt)
                  0x0014c1          0x2 SHORT 0x4
                  0x0014c2          0x2 SHORT 0x0 DEFINED (__RTCCInterrupt)?((ABSOLUTE (__RTCCInterrupt) >> 0x10) & 0x7f):((ABSOLUTE (__DefaultInterrupt) >> 0x10) & 0x7f)
                  0x0014c3          0x2 SHORT 0x0
                  0x0014c4          0x2 SHORT 0x10ff2 DEFINED (__U1ErrInterrupt)?ABSOLUTE (__U1ErrInterrupt):ABSOLUTE (__DefaultInterrupt)
                  0x0014c5          0x2 SHORT 0x4
                  0x0014c6          0x2 SHORT 0x1 DEFINED (__U1ErrInterrupt)?((ABSOLUTE (__U1ErrInterrupt) >> 0x10) & 0x7f):((ABSOLUTE (__DefaultInterrupt) >> 0x10) & 0x7f)
                  0x0014c7          0x2 SHORT 0x0
                  0x0014c8          0x2 SHORT 0x10ff2 DEFINED (__U2ErrInterrupt)?ABSOLUTE (__U2ErrInterrupt):ABSOLUTE (__DefaultInterrupt)
                  0x0014c9          0x2 SHORT 0x4
                  0x0014ca          0x2 SHORT 0x1 DEFINED (__U2ErrInterrupt)?((ABSOLUTE (__U2ErrInterrupt) >> 0x10) & 0x7f):((ABSOLUTE (__DefaultInterrupt) >> 0x10) & 0x7f)
                  0x0014cb          0x2 SHORT 0x0
                  0x0014cc          0x2 SHORT 0x10ff2 DEFINED (__CRCInterrupt)?ABSOLUTE (__CRCInterrupt):ABSOLUTE (__DefaultInterrupt)
                  0x0014cd          0x2 SHORT 0x4
                  0x0014ce          0x2 SHORT 0x1 DEFINED (__CRCInterrupt)?((ABSOLUTE (__CRCInterrupt) >> 0x10) & 0x7f):((ABSOLUTE (__DefaultInterrupt) >> 0x10) & 0x7f)
                  0x0014cf          0x2 SHORT 0x0
                  0x0014d0          0x2 SHORT 0x10ff2 DEFINED (__LVDInterrupt)?ABSOLUTE (__LVDInterrupt):ABSOLUTE (__DefaultInterrupt)
                  0x0014d1          0x2 SHORT 0x4
                  0x0014d2          0x2 SHORT 0x1 DEFINED (__LVDInterrupt)?((ABSOLUTE (__LVDInterrupt) >> 0x10) & 0x7f):((ABSOLUTE (__DefaultInterrupt) >> 0x10) & 0x7f)
                  0x0014d3          0x2 SHORT 0x0
                  0x0014d4          0x2 SHORT 0x10ff2 DEFINED (__CTMUInterrupt)?ABSOLUTE (__CTMUInterrupt):ABSOLUTE (__DefaultInterrupt)
                  0x0014d5          0x2 SHORT 0x4
                  0x0014d6          0x2 SHORT 0x1 DEFINED (__CTMUInterrupt)?((ABSOLUTE (__CTMUInterrupt) >> 0x10) & 0x7f):((ABSOLUTE (__DefaultInterrupt) >> 0x10) & 0x7f)
                  0x0014d7          0x2 SHORT 0x0
                  0x0014d8          0x2 SHORT 0x10ff2 DEFINED (__U3ErrInterrupt)?ABSOLUTE (__U3ErrInterrupt):ABSOLUTE (__DefaultInterrupt)
                  0x0014d9          0x2 SHORT 0x4
                  0x0014da          0x2 SHORT 0x1 DEFINED (__U3ErrInterrupt)?((ABSOLUTE (__U3ErrInterrupt) >> 0x10) & 0x7f):((ABSOLUTE (__DefaultInterrupt) >> 0x10) & 0x7f)
                  0x0014db          0x2 SHORT 0x0
                  0x0014dc          0x2 SHORT 0x10ff2 DEFINED (__U3RXInterrupt)?ABSOLUTE (__U3RXInterrupt):ABSOLUTE (__DefaultInterrupt)
                  0x0014dd          0x2 SHORT 0x4
                  0x0014de          0x2 SHORT 0x1 DEFINED (__U3RXInterrupt)?((ABSOLUTE (__U3RXInterrupt) >> 0x10) & 0x7f):((ABSOLUTE (__DefaultInterrupt) >> 0x10) & 0x7f)
                  0x0014df          0x2 SHORT 0x0
                  0x0014e0          0x2 SHORT 0x10ff2 DEFINED (__U3TXInterrupt)?ABSOLUTE (__U3TXInterrupt):ABSOLUTE (__DefaultInterrupt)
                  0x0014e1          0x2 SHORT 0x4
                  0x0014e2          0x2 SHORT 0x1 DEFINED (__U3TXInterrupt)?((ABSOLUTE (__U3TXInterrupt) >> 0x10) & 0x7f):((ABSOLUTE (__DefaultInterrupt) >> 0x10) & 0x7f)
                  0x0014e3          0x2 SHORT 0x0
                  0x0014e4          0x2 SHORT 0x10ff2 DEFINED (__SI2C3Interrupt)?ABSOLUTE (__SI2C3Interrupt):ABSOLUTE (__DefaultInterrupt)
                  0x0014e5          0x2 SHORT 0x4
                  0x0014e6          0x2 SHORT 0x1 DEFINED (__SI2C3Interrupt)?((ABSOLUTE (__SI2C3Interrupt) >> 0x10) & 0x7f):((ABSOLUTE (__DefaultInterrupt) >> 0x10) & 0x7f)
                  0x0014e7          0x2 SHORT 0x0
                  0x0014e8          0x2 SHORT 0x10ff2 DEFINED (__MI2C3Interrupt)?ABSOLUTE (__MI2C3Interrupt):ABSOLUTE (__DefaultInterrupt)
                  0x0014e9          0x2 SHORT 0x4
                  0x0014ea          0x2 SHORT 0x1 DEFINED (__MI2C3Interrupt)?((ABSOLUTE (__MI2C3Interrupt) >> 0x10) & 0x7f):((ABSOLUTE (__DefaultInterrupt) >> 0x10) & 0x7f)
                  0x0014eb          0x2 SHORT 0x0
                  0x0014ec          0x2 SHORT 0xdafc DEFINED (__USB1Interrupt)?ABSOLUTE (__USB1Interrupt):ABSOLUTE (__DefaultInterrupt)
                  0x0014ed          0x2 SHORT 0x4
                  0x0014ee          0x2 SHORT 0x0 DEFINED (__USB1Interrupt)?((ABSOLUTE (__USB1Interrupt) >> 0x10) & 0x7f):((ABSOLUTE (__DefaultInterrupt) >> 0x10) & 0x7f)
                  0x0014ef          0x2 SHORT 0x0
                  0x0014f0          0x2 SHORT 0x10ff2 DEFINED (__U4ErrInterrupt)?ABSOLUTE (__U4ErrInterrupt):ABSOLUTE (__DefaultInterrupt)
                  0x0014f1          0x2 SHORT 0x4
                  0x0014f2          0x2 SHORT 0x1 DEFINED (__U4ErrInterrupt)?((ABSOLUTE (__U4ErrInterrupt) >> 0x10) & 0x7f):((ABSOLUTE (__DefaultInterrupt) >> 0x10) & 0x7f)
                  0x0014f3          0x2 SHORT 0x0
                  0x0014f4          0x2 SHORT 0x10ff2 DEFINED (__U4RXInterrupt)?ABSOLUTE (__U4RXInterrupt):ABSOLUTE (__DefaultInterrupt)
                  0x0014f5          0x2 SHORT 0x4
                  0x0014f6          0x2 SHORT 0x1 DEFINED (__U4RXInterrupt)?((ABSOLUTE (__U4RXInterrupt) >> 0x10) & 0x7f):((ABSOLUTE (__DefaultInterrupt) >> 0x10) & 0x7f)
                  0x0014f7          0x2 SHORT 0x0
                  0x0014f8          0x2 SHORT 0x10ff2 DEFINED (__U4TXInterrupt)?ABSOLUTE (__U4TXInterrupt):ABSOLUTE (__DefaultInterrupt)
                  0x0014f9          0x2 SHORT 0x4
                  0x0014fa          0x2 SHORT 0x1 DEFINED (__U4TXInterrupt)?((ABSOLUTE (__U4TXInterrupt) >> 0x10) & 0x7f):((ABSOLUTE (__DefaultInterrupt) >> 0x10) & 0x7f)
                  0x0014fb          0x2 SHORT 0x0
                  0x0014fc          0x2 SHORT 0x10ff2 DEFINED (__SPI3ErrInterrupt)?ABSOLUTE (__SPI3ErrInterrupt):ABSOLUTE (__DefaultInterrupt)
                  0x0014fd          0x2 SHORT 0x4
                  0x0014fe          0x2 SHORT 0x1 DEFINED (__SPI3ErrInterrupt)?((ABSOLUTE (__SPI3ErrInterrupt) >> 0x10) & 0x7f):((ABSOLUTE (__DefaultInterrupt) >> 0x10) & 0x7f)
                  0x0014ff          0x2 SHORT 0x0
                  0x001500          0x2 SHORT 0x10ff2 DEFINED (__SPI3Interrupt)?ABSOLUTE (__SPI3Interrupt):ABSOLUTE (__DefaultInterrupt)
                  0x001501          0x2 SHORT 0x4
                  0x001502          0x2 SHORT 0x1 DEFINED (__SPI3Interrupt)?((ABSOLUTE (__SPI3Interrupt) >> 0x10) & 0x7f):((ABSOLUTE (__DefaultInterrupt) >> 0x10) & 0x7f)
                  0x001503          0x2 SHORT 0x0
                  0x001504          0x2 SHORT 0x10ff2 DEFINED (__OC9Interrupt)?ABSOLUTE (__OC9Interrupt):ABSOLUTE (__DefaultInterrupt)
                  0x001505          0x2 SHORT 0x4
                  0x001506          0x2 SHORT 0x1 DEFINED (__OC9Interrupt)?((ABSOLUTE (__OC9Interrupt) >> 0x10) & 0x7f):((ABSOLUTE (__DefaultInterrupt) >> 0x10) & 0x7f)
                  0x001507          0x2 SHORT 0x0
                  0x001508          0x2 SHORT 0x10ff2 DEFINED (__IC9Interrupt)?ABSOLUTE (__IC9Interrupt):ABSOLUTE (__DefaultInterrupt)
                  0x001509          0x2 SHORT 0x4
                  0x00150a          0x2 SHORT 0x1 DEFINED (__IC9Interrupt)?((ABSOLUTE (__IC9Interrupt) >> 0x10) & 0x7f):((ABSOLUTE (__DefaultInterrupt) >> 0x10) & 0x7f)
                  0x00150b          0x2 SHORT 0x0
                  0x00150c                  __DEFAULT_VECTOR = .
                  0x00150c          0x2 SHORT 0x10ff2 ABSOLUTE (__DefaultInterrupt)
                  0x00150d          0x2 SHORT 0x4
                  0x00150e          0x2 SHORT 0x1 ((ABSOLUTE (__DefaultInterrupt) >> 0x10) & 0x7f)
                  0x00150f          0x2 SHORT 0x0

.ivt              0x000004         0xfc
                  0x000004          0x4 LONG 0x1404 (ABSOLUTE (__APP_IVT_BASE) + 0x4)
                  0x000006          0x4 LONG 0x1408 (ABSOLUTE (__APP_IVT_BASE) + 0x8)
                  0x000008          0x4 LONG 0x140c (ABSOLUTE (__APP_IVT_BASE) + 0xc)
                  0x00000a          0x4 LONG 0x1410 (ABSOLUTE (__APP_IVT_BASE) + 0x10)
                  0x00000c          0x4 LONG 0x1414 (ABSOLUTE (__APP_IVT_BASE) + 0x14)
                  0x00000e          0x4 LONG 0x150c ABSOLUTE (__DEFAULT_VECTOR)
                  0x000010          0x4 LONG 0x150c ABSOLUTE (__DEFAULT_VECTOR)
                  0x000012          0x4 LONG 0x150c ABSOLUTE (__DEFAULT_VECTOR)
                  0x000014          0x4 LONG 0x1418 (ABSOLUTE (__APP_IVT_BASE) + 0x18)
                  0x000016          0x4 LONG 0x141c (ABSOLUTE (__APP_IVT_BASE) + 0x1c)
                  0x000018          0x4 LONG 0x1420 (ABSOLUTE (__APP_IVT_BASE) + 0x20)
                  0x00001a          0x4 LONG 0x1424 (ABSOLUTE (__APP_IVT_BASE) + 0x24)
                  0x00001c          0x4 LONG 0x150c ABSOLUTE (__DEFAULT_VECTOR)
                  0x00001e          0x4 LONG 0x1428 (ABSOLUTE (__APP_IVT_BASE) + 0x28)
                  0x000020          0x4 LONG 0x142c (ABSOLUTE (__APP_IVT_BASE) + 0x2c)
                  0x000022          0x4 LONG 0x1430 (ABSOLUTE (__APP_IVT_BASE) + 0x30)
                  0x000024          0x4 LONG 0x1434 (ABSOLUTE (__APP_IVT_BASE) + 0x34)
                  0x000026          0x4 LONG 0x1438 (ABSOLUTE (__APP_IVT_BASE) + 0x38)
                  0x000028          0x4 LONG 0x143c (ABSOLUTE (__APP_IVT_BASE) + 0x3c)
                  0x00002a          0x4 LONG 0x1440 (ABSOLUTE (__APP_IVT_BASE) + 0x40)
                  0x00002c          0x4 LONG 0x1444 (ABSOLUTE (__APP_IVT_BASE) + 0x44)
                  0x00002e          0x4 LONG 0x1448 (ABSOLUTE (__APP_IVT_BASE) + 0x48)
                  0x000030          0x4 LONG 0x150c ABSOLUTE (__DEFAULT_VECTOR)
                  0x000032          0x4 LONG 0x150c ABSOLUTE (__DEFAULT_VECTOR)
                  0x000034          0x4 LONG 0x144c (ABSOLUTE (__APP_IVT_BASE) + 0x4c)
                  0x000036          0x4 LONG 0x1450 (ABSOLUTE (__APP_IVT_BASE) + 0x50)
                  0x000038          0x4 LONG 0x1454 (ABSOLUTE (__APP_IVT_BASE) + 0x54)
                  0x00003a          0x4 LONG 0x1458 (ABSOLUTE (__APP_IVT_BASE) + 0x58)
                  0x00003c          0x4 LONG 0x145c (ABSOLUTE (__APP_IVT_BASE) + 0x5c)
                  0x00003e          0x4 LONG 0x150c ABSOLUTE (__DEFAULT_VECTOR)
                  0x000040          0x4 LONG 0x1460 (ABSOLUTE (__APP_IVT_BASE) + 0x60)
                  0x000042          0x4 LONG 0x1464 (ABSOLUTE (__APP_IVT_BASE) + 0x64)
                  0x000044          0x4 LONG 0x150c ABSOLUTE (__DEFAULT_VECTOR)
                  0x000046          0x4 LONG 0x1468 (ABSOLUTE (__APP_IVT_BASE) + 0x68)
                  0x000048          0x4 LONG 0x146c (ABSOLUTE (__APP_IVT_BASE) + 0x6c)
                  0x00004a          0x4 LONG 0x1470 (ABSOLUTE (__APP_IVT_BASE) + 0x70)
                  0x00004c          0x4 LONG 0x1474 (ABSOLUTE (__APP_IVT_BASE) + 0x74)
                  0x00004e          0x4 LONG 0x1478 (ABSOLUTE (__APP_IVT_BASE) + 0x78)
                  0x000050          0x4 LONG 0x147c (ABSOLUTE (__APP_IVT_BASE) + 0x7c)
                  0x000052          0x4 LONG 0x1480 (ABSOLUTE (__APP_IVT_BASE) + 0x80)
                  0x000054          0x4 LONG 0x1484 (ABSOLUTE (__APP_IVT_BASE) + 0x84)
                  0x000056          0x4 LONG 0x1488 (ABSOLUTE (__APP_IVT_BASE) + 0x88)
                  0x000058          0x4 LONG 0x150c ABSOLUTE (__DEFAULT_VECTOR)
                  0x00005a          0x4 LONG 0x150c ABSOLUTE (__DEFAULT_VECTOR)
                  0x00005c          0x4 LONG 0x150c ABSOLUTE (__DEFAULT_VECTOR)
                  0x00005e          0x4 LONG 0x148c (ABSOLUTE (__APP_IVT_BASE) + 0x8c)
                  0x000060          0x4 LONG 0x1490 (ABSOLUTE (__APP_IVT_BASE) + 0x90)
                  0x000062          0x4 LONG 0x1494 (ABSOLUTE (__APP_IVT_BASE) + 0x94)
                  0x000064          0x4 LONG 0x1498 (ABSOLUTE (__APP_IVT_BASE) + 0x98)
                  0x000066          0x4 LONG 0x149c (ABSOLUTE (__APP_IVT_BASE) + 0x9c)
                  0x000068          0x4 LONG 0x14a0 (ABSOLUTE (__APP_IVT_BASE) + 0xa0)
                  0x00006a          0x4 LONG 0x14a4 (ABSOLUTE (__APP_IVT_BASE) + 0xa4)
                  0x00006c          0x4 LONG 0x14a8 (ABSOLUTE (__APP_IVT_BASE) + 0xa8)
                  0x00006e          0x4 LONG 0x14ac (ABSOLUTE (__APP_IVT_BASE) + 0xac)
                  0x000070          0x4 LONG 0x150c ABSOLUTE (__DEFAULT_VECTOR)
                  0x000072          0x4 LONG 0x150c ABSOLUTE (__DEFAULT_VECTOR)
                  0x000074          0x4 LONG 0x150c ABSOLUTE (__DEFAULT_VECTOR)
                  0x000076          0x4 LONG 0x14b0 (ABSOLUTE (__APP_IVT_BASE) + 0xb0)
                  0x000078          0x4 LONG 0x14b4 (ABSOLUTE (__APP_IVT_BASE) + 0xb4)
                  0x00007a          0x4 LONG 0x150c ABSOLUTE (__DEFAULT_VECTOR)
                  0x00007c          0x4 LONG 0x150c ABSOLUTE (__DEFAULT_VECTOR)
                  0x00007e          0x4 LONG 0x14b8 (ABSOLUTE (__APP_IVT_BASE) + 0xb8)
                  0x000080          0x4 LONG 0x14bc (ABSOLUTE (__APP_IVT_BASE) + 0xbc)
                  0x000082          0x4 LONG 0x150c ABSOLUTE (__DEFAULT_VECTOR)
                  0x000084          0x4 LONG 0x150c ABSOLUTE (__DEFAULT_VECTOR)
                  0x000086          0x4 LONG 0x150c ABSOLUTE (__DEFAULT_VECTOR)
                  0x000088          0x4 LONG 0x150c ABSOLUTE (__DEFAULT_VECTOR)
                  0x00008a          0x4 LONG 0x150c ABSOLUTE (__DEFAULT_VECTOR)
                  0x00008c          0x4 LONG 0x150c ABSOLUTE (__DEFAULT_VECTOR)
                  0x00008e          0x4 LONG 0x150c ABSOLUTE (__DEFAULT_VECTOR)
                  0x000090          0x4 LONG 0x14c0 (ABSOLUTE (__APP_IVT_BASE) + 0xc0)
                  0x000092          0x4 LONG 0x150c ABSOLUTE (__DEFAULT_VECTOR)
                  0x000094          0x4 LONG 0x150c ABSOLUTE (__DEFAULT_VECTOR)
                  0x000096          0x4 LONG 0x14c4 (ABSOLUTE (__APP_IVT_BASE) + 0xc4)
                  0x000098          0x4 LONG 0x14c8 (ABSOLUTE (__APP_IVT_BASE) + 0xc8)
                  0x00009a          0x4 LONG 0x14cc (ABSOLUTE (__APP_IVT_BASE) + 0xcc)
                  0x00009c          0x4 LONG 0x150c ABSOLUTE (__DEFAULT_VECTOR)
                  0x00009e          0x4 LONG 0x150c ABSOLUTE (__DEFAULT_VECTOR)
                  0x0000a0          0x4 LONG 0x150c ABSOLUTE (__DEFAULT_VECTOR)
                  0x0000a2          0x4 LONG 0x150c ABSOLUTE (__DEFAULT_VECTOR)
                  0x0000a4          0x4 LONG 0x14d0 (ABSOLUTE (__APP_IVT_BASE) + 0xd0)
                  0x0000a6          0x4 LONG 0x150c ABSOLUTE (__DEFAULT_VECTOR)
                  0x0000a8          0x4 LONG 0x150c ABSOLUTE (__DEFAULT_VECTOR)
                  0x0000aa          0x4 LONG 0x150c ABSOLUTE (__DEFAULT_VECTOR)
                  0x0000ac          0x4 LONG 0x150c ABSOLUTE (__DEFAULT_VECTOR)
                  0x0000ae          0x4 LONG 0x14d4 (ABSOLUTE (__APP_IVT_BASE) + 0xd4)
                  0x0000b0          0x4 LONG 0x150c ABSOLUTE (__DEFAULT_VECTOR)
                  0x0000b2          0x4 LONG 0x150c ABSOLUTE (__DEFAULT_VECTOR)
                  0x0000b4          0x4 LONG 0x150c ABSOLUTE (__DEFAULT_VECTOR)
                  0x0000b6          0x4 LONG 0x14d8 (ABSOLUTE (__APP_IVT_BASE) + 0xd8)
                  0x0000b8          0x4 LONG 0x14dc (ABSOLUTE (__APP_IVT_BASE) + 0xdc)
                  0x0000ba          0x4 LONG 0x14e0 (ABSOLUTE (__APP_IVT_BASE) + 0xe0)
                  0x0000bc          0x4 LONG 0x14e4 (ABSOLUTE (__APP_IVT_BASE) + 0xe4)
                  0x0000be          0x4 LONG 0x14e8 (ABSOLUTE (__APP_IVT_BASE) + 0xe8)
                  0x0000c0          0x4 LONG 0x14ec (ABSOLUTE (__APP_IVT_BASE) + 0xec)
                  0x0000c2          0x4 LONG 0x14f0 (ABSOLUTE (__APP_IVT_BASE) + 0xf0)
                  0x0000c4          0x4 LONG 0x14f4 (ABSOLUTE (__APP_IVT_BASE) + 0xf4)
                  0x0000c6          0x4 LONG 0x14f8 (ABSOLUTE (__APP_IVT_BASE) + 0xf8)
                  0x0000c8          0x4 LONG 0x14fc (ABSOLUTE (__APP_IVT_BASE) + 0xfc)
                  0x0000ca          0x4 LONG 0x1500 (ABSOLUTE (__APP_IVT_BASE) + 0x100)
                  0x0000cc          0x4 LONG 0x1504 (ABSOLUTE (__APP_IVT_BASE) + 0x104)
                  0x0000ce          0x4 LONG 0x1508 (ABSOLUTE (__APP_IVT_BASE) + 0x108)
                  0x0000d0          0x4 LONG 0x150c ABSOLUTE (__DEFAULT_VECTOR)
                  0x0000d2          0x4 LONG 0x150c ABSOLUTE (__DEFAULT_VECTOR)
                  0x0000d4          0x4 LONG 0x150c ABSOLUTE (__DEFAULT_VECTOR)
                  0x0000d6          0x4 LONG 0x150c ABSOLUTE (__DEFAULT_VECTOR)
                  0x0000d8          0x4 LONG 0x150c ABSOLUTE (__DEFAULT_VECTOR)
                  0x0000da          0x4 LONG 0x150c ABSOLUTE (__DEFAULT_VECTOR)
                  0x0000dc          0x4 LONG 0x150c ABSOLUTE (__DEFAULT_VECTOR)
                  0x0000de          0x4 LONG 0x150c ABSOLUTE (__DEFAULT_VECTOR)
                  0x0000e0          0x4 LONG 0x150c ABSOLUTE (__DEFAULT_VECTOR)
                  0x0000e2          0x4 LONG 0x150c ABSOLUTE (__DEFAULT_VECTOR)
                  0x0000e4          0x4 LONG 0x150c ABSOLUTE (__DEFAULT_VECTOR)
                  0x0000e6          0x4 LONG 0x150c ABSOLUTE (__DEFAULT_VECTOR)
                  0x0000e8          0x4 LONG 0x150c ABSOLUTE (__DEFAULT_VECTOR)
                  0x0000ea          0x4 LONG 0x150c ABSOLUTE (__DEFAULT_VECTOR)
                  0x0000ec          0x4 LONG 0x150c ABSOLUTE (__DEFAULT_VECTOR)
                  0x0000ee          0x4 LONG 0x150c ABSOLUTE (__DEFAULT_VECTOR)
                  0x0000f0          0x4 LONG 0x150c ABSOLUTE (__DEFAULT_VECTOR)
                  0x0000f2          0x4 LONG 0x150c ABSOLUTE (__DEFAULT_VECTOR)
                  0x0000f4          0x4 LONG 0x150c ABSOLUTE (__DEFAULT_VECTOR)
                  0x0000f6          0x4 LONG 0x150c ABSOLUTE (__DEFAULT_VECTOR)
                  0x0000f8          0x4 LONG 0x150c ABSOLUTE (__DEFAULT_VECTOR)
                  0x0000fa          0x4 LONG 0x150c ABSOLUTE (__DEFAULT_VECTOR)
                  0x0000fc          0x4 LONG 0x150c ABSOLUTE (__DEFAULT_VECTOR)
                  0x0000fe          0x4 LONG 0x150c ABSOLUTE (__DEFAULT_VECTOR)

.aivt
                    0x0000                  WREG0 = 0x0
                    0x0000                  _WREG0 = 0x0
                    0x0002                  WREG1 = 0x2
                    0x0002                  _WREG1 = 0x2
                    0x0004                  WREG2 = 0x4
                    0x0004                  _WREG2 = 0x4
                    0x0006                  WREG3 = 0x6
                    0x0006                  _WREG3 = 0x6
                    0x0008                  WREG4 = 0x8
                    0x0008                  _WREG4 = 0x8
                    0x000a                  WREG5 = 0xa
                    0x000a                  _WREG5 = 0xa
                    0x000c                  WREG6 = 0xc
                    0x000c                  _WREG6 = 0xc
                    0x000e                  WREG7 = 0xe
                    0x000e                  _WREG7 = 0xe
                    0x0010                  WREG8 = 0x10
                    0x0010                  _WREG8 = 0x10
                    0x0012                  WREG9 = 0x12
                    0x0012                  _WREG9 = 0x12
                    0x0014                  WREG10 = 0x14
                    0x0014                  _WREG10 = 0x14
                    0x0016                  WREG11 = 0x16
                    0x0016                  _WREG11 = 0x16
                    0x0018                  WREG12 = 0x18
                    0x0018                  _WREG12 = 0x18
                    0x001a                  WREG13 = 0x1a
                    0x001a                  _WREG13 = 0x1a
                    0x001c                  WREG14 = 0x1c
                    0x001c                  _WREG14 = 0x1c
                    0x001e                  WREG15 = 0x1e
                    0x001e                  _WREG15 = 0x1e
                    0x0020                  SPLIM = 0x20
                    0x0020                  _SPLIM = 0x20
                    0x002e                  PCL = 0x2e
                    0x002e                  _PCL = 0x2e
                    0x0030                  PCH = 0x30
                    0x0030                  _PCH = 0x30
                    0x0032                  TBLPAG = 0x32
                    0x0032                  _TBLPAG = 0x32
                    0x0034                  PSVPAG = 0x34
                    0x0034                  _PSVPAG = 0x34
                    0x0036                  RCOUNT = 0x36
                    0x0036                  _RCOUNT = 0x36
                    0x0042                  SR = 0x42
                    0x0042                  _SR = 0x42
                    0x0042                  _SRbits = 0x42
                    0x0044                  CORCON = 0x44
                    0x0044                  _CORCON = 0x44
                    0x0044                  _CORCONbits = 0x44
                    0x0052                  DISICNT = 0x52
                    0x0052                  _DISICNT = 0x52
                    0x0054                  CNPD1 = 0x54
                    0x0054                  _CNPD1 = 0x54
                    0x0054                  _CNPD1bits = 0x54
                    0x0056                  CNPD2 = 0x56
                    0x0056                  _CNPD2 = 0x56
                    0x0056                  _CNPD2bits = 0x56
                    0x0058                  CNPD3 = 0x58
                    0x0058                  _CNPD3 = 0x58
                    0x0058                  _CNPD3bits = 0x58
                    0x005a                  CNPD4 = 0x5a
                    0x005a                  _CNPD4 = 0x5a
                    0x005a                  _CNPD4bits = 0x5a
                    0x005c                  CNPD5 = 0x5c
                    0x005c                  _CNPD5 = 0x5c
                    0x005c                  _CNPD5bits = 0x5c
                    0x0060                  CNEN1 = 0x60
                    0x0060                  _CNEN1 = 0x60
                    0x0060                  _CNEN1bits = 0x60
                    0x0062                  CNEN2 = 0x62
                    0x0062                  _CNEN2 = 0x62
                    0x0062                  _CNEN2bits = 0x62
                    0x0064                  CNEN3 = 0x64
                    0x0064                  _CNEN3 = 0x64
                    0x0064                  _CNEN3bits = 0x64
                    0x0066                  CNEN4 = 0x66
                    0x0066                  _CNEN4 = 0x66
                    0x0066                  _CNEN4bits = 0x66
                    0x0068                  CNEN5 = 0x68
                    0x0068                  _CNEN5 = 0x68
                    0x0068                  _CNEN5bits = 0x68
                    0x006c                  CNPU1 = 0x6c
                    0x006c                  _CNPU1 = 0x6c
                    0x006c                  _CNPU1bits = 0x6c
                    0x006e                  CNPU2 = 0x6e
                    0x006e                  _CNPU2 = 0x6e
                    0x006e                  _CNPU2bits = 0x6e
                    0x0070                  CNPU3 = 0x70
                    0x0070                  _CNPU3 = 0x70
                    0x0070                  _CNPU3bits = 0x70
                    0x0072                  CNPU4 = 0x72
                    0x0072                  _CNPU4 = 0x72
                    0x0072                  _CNPU4bits = 0x72
                    0x0074                  CNPU5 = 0x74
                    0x0074                  _CNPU5 = 0x74
                    0x0074                  _CNPU5bits = 0x74
                    0x0080                  INTCON1 = 0x80
                    0x0080                  _INTCON1 = 0x80
                    0x0080                  _INTCON1bits = 0x80
                    0x0082                  INTCON2 = 0x82
                    0x0082                  _INTCON2 = 0x82
                    0x0082                  _INTCON2bits = 0x82
                    0x0084                  IFS0 = 0x84
                    0x0084                  _IFS0 = 0x84
                    0x0084                  _IFS0bits = 0x84
                    0x0086                  IFS1 = 0x86
                    0x0086                  _IFS1 = 0x86
                    0x0086                  _IFS1bits = 0x86
                    0x0088                  IFS2 = 0x88
                    0x0088                  _IFS2 = 0x88
                    0x0088                  _IFS2bits = 0x88
                    0x008a                  IFS3 = 0x8a
                    0x008a                  _IFS3 = 0x8a
                    0x008a                  _IFS3bits = 0x8a
                    0x008c                  IFS4 = 0x8c
                    0x008c                  _IFS4 = 0x8c
                    0x008c                  _IFS4bits = 0x8c
                    0x008e                  IFS5 = 0x8e
                    0x008e                  _IFS5 = 0x8e
                    0x008e                  _IFS5bits = 0x8e
                    0x0094                  IEC0 = 0x94
                    0x0094                  _IEC0 = 0x94
                    0x0094                  _IEC0bits = 0x94
                    0x0096                  IEC1 = 0x96
                    0x0096                  _IEC1 = 0x96
                    0x0096                  _IEC1bits = 0x96
                    0x0098                  IEC2 = 0x98
                    0x0098                  _IEC2 = 0x98
                    0x0098                  _IEC2bits = 0x98
                    0x009a                  IEC3 = 0x9a
                    0x009a                  _IEC3 = 0x9a
                    0x009a                  _IEC3bits = 0x9a
                    0x009c                  IEC4 = 0x9c
                    0x009c                  _IEC4 = 0x9c
                    0x009c                  _IEC4bits = 0x9c
                    0x009e                  IEC5 = 0x9e
                    0x009e                  _IEC5 = 0x9e
                    0x009e                  _IEC5bits = 0x9e
                    0x00a4                  IPC0 = 0xa4
                    0x00a4                  _IPC0 = 0xa4
                    0x00a4                  _IPC0bits = 0xa4
                    0x00a6                  IPC1 = 0xa6
                    0x00a6                  _IPC1 = 0xa6
                    0x00a6                  _IPC1bits = 0xa6
                    0x00a8                  IPC2 = 0xa8
                    0x00a8                  _IPC2 = 0xa8
                    0x00a8                  _IPC2bits = 0xa8
                    0x00aa                  IPC3 = 0xaa
                    0x00aa                  _IPC3 = 0xaa
                    0x00aa                  _IPC3bits = 0xaa
                    0x00ac                  IPC4 = 0xac
                    0x00ac                  _IPC4 = 0xac
                    0x00ac                  _IPC4bits = 0xac
                    0x00ae                  IPC5 = 0xae
                    0x00ae                  _IPC5 = 0xae
                    0x00ae                  _IPC5bits = 0xae
                    0x00b0                  IPC6 = 0xb0
                    0x00b0                  _IPC6 = 0xb0
                    0x00b0                  _IPC6bits = 0xb0
                    0x00b2                  IPC7 = 0xb2
                    0x00b2                  _IPC7 = 0xb2
                    0x00b2                  _IPC7bits = 0xb2
                    0x00b4                  IPC8 = 0xb4
                    0x00b4                  _IPC8 = 0xb4
                    0x00b4                  _IPC8bits = 0xb4
                    0x00b6                  IPC9 = 0xb6
                    0x00b6                  _IPC9 = 0xb6
                    0x00b6                  _IPC9bits = 0xb6
                    0x00b8                  IPC10 = 0xb8
                    0x00b8                  _IPC10 = 0xb8
                    0x00b8                  _IPC10bits = 0xb8
                    0x00ba                  IPC11 = 0xba
                    0x00ba                  _IPC11 = 0xba
                    0x00ba                  _IPC11bits = 0xba
                    0x00bc                  IPC12 = 0xbc
                    0x00bc                  _IPC12 = 0xbc
                    0x00bc                  _IPC12bits = 0xbc
                    0x00be                  IPC13 = 0xbe
                    0x00be                  _IPC13 = 0xbe
                    0x00be                  _IPC13bits = 0xbe
                    0x00c2                  IPC15 = 0xc2
                    0x00c2                  _IPC15 = 0xc2
                    0x00c2                  _IPC15bits = 0xc2
                    0x00c4                  IPC16 = 0xc4
                    0x00c4                  _IPC16 = 0xc4
                    0x00c4                  _IPC16bits = 0xc4
                    0x00c8                  IPC18 = 0xc8
                    0x00c8                  _IPC18 = 0xc8
                    0x00c8                  _IPC18bits = 0xc8
                    0x00ca                  IPC19 = 0xca
                    0x00ca                  _IPC19 = 0xca
                    0x00ca                  _IPC19bits = 0xca
                    0x00cc                  IPC20 = 0xcc
                    0x00cc                  _IPC20 = 0xcc
                    0x00cc                  _IPC20bits = 0xcc
                    0x00ce                  IPC21 = 0xce
                    0x00ce                  _IPC21 = 0xce
                    0x00ce                  _IPC21bits = 0xce
                    0x00d0                  IPC22 = 0xd0
                    0x00d0                  _IPC22 = 0xd0
                    0x00d0                  _IPC22bits = 0xd0
                    0x00d2                  IPC23 = 0xd2
                    0x00d2                  _IPC23 = 0xd2
                    0x00d2                  _IPC23bits = 0xd2
                    0x0100                  TMR1 = 0x100
                    0x0100                  _TMR1 = 0x100
                    0x0102                  PR1 = 0x102
                    0x0102                  _PR1 = 0x102
                    0x0104                  T1CON = 0x104
                    0x0104                  _T1CON = 0x104
                    0x0104                  _T1CONbits = 0x104
                    0x0106                  TMR2 = 0x106
                    0x0106                  _TMR2 = 0x106
                    0x0108                  TMR3HLD = 0x108
                    0x0108                  _TMR3HLD = 0x108
                    0x010a                  TMR3 = 0x10a
                    0x010a                  _TMR3 = 0x10a
                    0x010c                  PR2 = 0x10c
                    0x010c                  _PR2 = 0x10c
                    0x010e                  PR3 = 0x10e
                    0x010e                  _PR3 = 0x10e
                    0x0110                  T2CON = 0x110
                    0x0110                  _T2CON = 0x110
                    0x0110                  _T2CONbits = 0x110
                    0x0112                  T3CON = 0x112
                    0x0112                  _T3CON = 0x112
                    0x0112                  _T3CONbits = 0x112
                    0x0114                  TMR4 = 0x114
                    0x0114                  _TMR4 = 0x114
                    0x0116                  TMR5HLD = 0x116
                    0x0116                  _TMR5HLD = 0x116
                    0x0118                  TMR5 = 0x118
                    0x0118                  _TMR5 = 0x118
                    0x011a                  PR4 = 0x11a
                    0x011a                  _PR4 = 0x11a
                    0x011c                  PR5 = 0x11c
                    0x011c                  _PR5 = 0x11c
                    0x011e                  T4CON = 0x11e
                    0x011e                  _T4CON = 0x11e
                    0x011e                  _T4CONbits = 0x11e
                    0x0120                  T5CON = 0x120
                    0x0120                  _T5CON = 0x120
                    0x0120                  _T5CONbits = 0x120
                    0x0140                  IC1CON1 = 0x140
                    0x0140                  _IC1CON1 = 0x140
                    0x0140                  _IC1CON1bits = 0x140
                    0x0142                  IC1CON2 = 0x142
                    0x0142                  _IC1CON2 = 0x142
                    0x0142                  _IC1CON2bits = 0x142
                    0x0144                  IC1BUF = 0x144
                    0x0144                  _IC1BUF = 0x144
                    0x0146                  IC1TMR = 0x146
                    0x0146                  _IC1TMR = 0x146
                    0x0148                  IC2CON1 = 0x148
                    0x0148                  _IC2CON1 = 0x148
                    0x0148                  _IC2CON1bits = 0x148
                    0x014a                  IC2CON2 = 0x14a
                    0x014a                  _IC2CON2 = 0x14a
                    0x014a                  _IC2CON2bits = 0x14a
                    0x014c                  IC2BUF = 0x14c
                    0x014c                  _IC2BUF = 0x14c
                    0x014e                  IC2TMR = 0x14e
                    0x014e                  _IC2TMR = 0x14e
                    0x0150                  IC3CON1 = 0x150
                    0x0150                  _IC3CON1 = 0x150
                    0x0150                  _IC3CON1bits = 0x150
                    0x0152                  IC3CON2 = 0x152
                    0x0152                  _IC3CON2 = 0x152
                    0x0152                  _IC3CON2bits = 0x152
                    0x0154                  IC3BUF = 0x154
                    0x0154                  _IC3BUF = 0x154
                    0x0156                  IC3TMR = 0x156
                    0x0156                  _IC3TMR = 0x156
                    0x0158                  IC4CON1 = 0x158
                    0x0158                  _IC4CON1 = 0x158
                    0x0158                  _IC4CON1bits = 0x158
                    0x015a                  IC4CON2 = 0x15a
                    0x015a                  _IC4CON2 = 0x15a
                    0x015a                  _IC4CON2bits = 0x15a
                    0x015c                  IC4BUF = 0x15c
                    0x015c                  _IC4BUF = 0x15c
                    0x015e                  IC4TMR = 0x15e
                    0x015e                  _IC4TMR = 0x15e
                    0x0160                  IC5CON1 = 0x160
                    0x0160                  _IC5CON1 = 0x160
                    0x0160                  _IC5CON1bits = 0x160
                    0x0162                  IC5CON2 = 0x162
                    0x0162                  _IC5CON2 = 0x162
                    0x0162                  _IC5CON2bits = 0x162
                    0x0164                  IC5BUF = 0x164
                    0x0164                  _IC5BUF = 0x164
                    0x0166                  IC5TMR = 0x166
                    0x0166                  _IC5TMR = 0x166
                    0x0168                  IC6CON1 = 0x168
                    0x0168                  _IC6CON1 = 0x168
                    0x0168                  _IC6CON1bits = 0x168
                    0x016a                  IC6CON2 = 0x16a
                    0x016a                  _IC6CON2 = 0x16a
                    0x016a                  _IC6CON2bits = 0x16a
                    0x016c                  IC6BUF = 0x16c
                    0x016c                  _IC6BUF = 0x16c
                    0x016e                  IC6TMR = 0x16e
                    0x016e                  _IC6TMR = 0x16e
                    0x0170                  IC7CON1 = 0x170
                    0x0170                  _IC7CON1 = 0x170
                    0x0170                  _IC7CON1bits = 0x170
                    0x0172                  IC7CON2 = 0x172
                    0x0172                  _IC7CON2 = 0x172
                    0x0172                  _IC7CON2bits = 0x172
                    0x0174                  IC7BUF = 0x174
                    0x0174                  _IC7BUF = 0x174
                    0x0176                  IC7TMR = 0x176
                    0x0176                  _IC7TMR = 0x176
                    0x0178                  IC8CON1 = 0x178
                    0x0178                  _IC8CON1 = 0x178
                    0x0178                  _IC8CON1bits = 0x178
                    0x017a                  IC8CON2 = 0x17a
                    0x017a                  _IC8CON2 = 0x17a
                    0x017a                  _IC8CON2bits = 0x17a
                    0x017c                  IC8BUF = 0x17c
                    0x017c                  _IC8BUF = 0x17c
                    0x017e                  IC8TMR = 0x17e
                    0x017e                  _IC8TMR = 0x17e
                    0x0180                  IC9CON1 = 0x180
                    0x0180                  _IC9CON1 = 0x180
                    0x0180                  _IC9CON1bits = 0x180
                    0x0182                  IC9CON2 = 0x182
                    0x0182                  _IC9CON2 = 0x182
                    0x0182                  _IC9CON2bits = 0x182
                    0x0184                  IC9BUF = 0x184
                    0x0184                  _IC9BUF = 0x184
                    0x0186                  IC9TMR = 0x186
                    0x0186                  _IC9TMR = 0x186
                    0x0190                  OC1CON1 = 0x190
                    0x0190                  _OC1CON1 = 0x190
                    0x0190                  _OC1CON1bits = 0x190
                    0x0192                  OC1CON2 = 0x192
                    0x0192                  _OC1CON2 = 0x192
                    0x0192                  _OC1CON2bits = 0x192
                    0x0194                  OC1RS = 0x194
                    0x0194                  _OC1RS = 0x194
                    0x0196                  OC1R = 0x196
                    0x0196                  _OC1R = 0x196
                    0x0198                  OC1TMR = 0x198
                    0x0198                  _OC1TMR = 0x198
                    0x019a                  OC2CON1 = 0x19a
                    0x019a                  _OC2CON1 = 0x19a
                    0x019a                  _OC2CON1bits = 0x19a
                    0x019c                  OC2CON2 = 0x19c
                    0x019c                  _OC2CON2 = 0x19c
                    0x019c                  _OC2CON2bits = 0x19c
                    0x019e                  OC2RS = 0x19e
                    0x019e                  _OC2RS = 0x19e
                    0x01a0                  OC2R = 0x1a0
                    0x01a0                  _OC2R = 0x1a0
                    0x01a2                  OC2TMR = 0x1a2
                    0x01a2                  _OC2TMR = 0x1a2
                    0x01a4                  OC3CON1 = 0x1a4
                    0x01a4                  _OC3CON1 = 0x1a4
                    0x01a4                  _OC3CON1bits = 0x1a4
                    0x01a6                  OC3CON2 = 0x1a6
                    0x01a6                  _OC3CON2 = 0x1a6
                    0x01a6                  _OC3CON2bits = 0x1a6
                    0x01a8                  OC3RS = 0x1a8
                    0x01a8                  _OC3RS = 0x1a8
                    0x01aa                  OC3R = 0x1aa
                    0x01aa                  _OC3R = 0x1aa
                    0x01ac                  OC3TMR = 0x1ac
                    0x01ac                  _OC3TMR = 0x1ac
                    0x01ae                  OC4CON1 = 0x1ae
                    0x01ae                  _OC4CON1 = 0x1ae
                    0x01ae                  _OC4CON1bits = 0x1ae
                    0x01b0                  OC4CON2 = 0x1b0
                    0x01b0                  _OC4CON2 = 0x1b0
                    0x01b0                  _OC4CON2bits = 0x1b0
                    0x01b2                  OC4RS = 0x1b2
                    0x01b2                  _OC4RS = 0x1b2
                    0x01b4                  OC4R = 0x1b4
                    0x01b4                  _OC4R = 0x1b4
                    0x01b6                  OC4TMR = 0x1b6
                    0x01b6                  _OC4TMR = 0x1b6
                    0x01b8                  OC5CON1 = 0x1b8
                    0x01b8                  _OC5CON1 = 0x1b8
                    0x01b8                  _OC5CON1bits = 0x1b8
                    0x01ba                  OC5CON2 = 0x1ba
                    0x01ba                  _OC5CON2 = 0x1ba
                    0x01ba                  _OC5CON2bits = 0x1ba
                    0x01bc                  OC5RS = 0x1bc
                    0x01bc                  _OC5RS = 0x1bc
                    0x01be                  OC5R = 0x1be
                    0x01be                  _OC5R = 0x1be
                    0x01c0                  OC5TMR = 0x1c0
                    0x01c0                  _OC5TMR = 0x1c0
                    0x01c2                  OC6CON1 = 0x1c2
                    0x01c2                  _OC6CON1 = 0x1c2
                    0x01c2                  _OC6CON1bits = 0x1c2
                    0x01c4                  OC6CON2 = 0x1c4
                    0x01c4                  _OC6CON2 = 0x1c4
                    0x01c4                  _OC6CON2bits = 0x1c4
                    0x01c6                  OC6RS = 0x1c6
                    0x01c6                  _OC6RS = 0x1c6
                    0x01c8                  OC6R = 0x1c8
                    0x01c8                  _OC6R = 0x1c8
                    0x01ca                  OC6TMR = 0x1ca
                    0x01ca                  _OC6TMR = 0x1ca
                    0x01cc                  OC7CON1 = 0x1cc
                    0x01cc                  _OC7CON1 = 0x1cc
                    0x01cc                  _OC7CON1bits = 0x1cc
                    0x01ce                  OC7CON2 = 0x1ce
                    0x01ce                  _OC7CON2 = 0x1ce
                    0x01ce                  _OC7CON2bits = 0x1ce
                    0x01d0                  OC7RS = 0x1d0
                    0x01d0                  _OC7RS = 0x1d0
                    0x01d2                  OC7R = 0x1d2
                    0x01d2                  _OC7R = 0x1d2
                    0x01d4                  OC7TMR = 0x1d4
                    0x01d4                  _OC7TMR = 0x1d4
                    0x01d6                  OC8CON1 = 0x1d6
                    0x01d6                  _OC8CON1 = 0x1d6
                    0x01d6                  _OC8CON1bits = 0x1d6
                    0x01d8                  OC8CON2 = 0x1d8
                    0x01d8                  _OC8CON2 = 0x1d8
                    0x01d8                  _OC8CON2bits = 0x1d8
                    0x01da                  OC8RS = 0x1da
                    0x01da                  _OC8RS = 0x1da
                    0x01dc                  OC8R = 0x1dc
                    0x01dc                  _OC8R = 0x1dc
                    0x01de                  OC8TMR = 0x1de
                    0x01de                  _OC8TMR = 0x1de
                    0x01e0                  OC9CON1 = 0x1e0
                    0x01e0                  _OC9CON1 = 0x1e0
                    0x01e0                  _OC9CON1bits = 0x1e0
                    0x01e2                  OC9CON2 = 0x1e2
                    0x01e2                  _OC9CON2 = 0x1e2
                    0x01e2                  _OC9CON2bits = 0x1e2
                    0x01e4                  OC9RS = 0x1e4
                    0x01e4                  _OC9RS = 0x1e4
                    0x01e6                  OC9R = 0x1e6
                    0x01e6                  _OC9R = 0x1e6
                    0x01e8                  OC9TMR = 0x1e8
                    0x01e8                  _OC9TMR = 0x1e8
                    0x0200                  I2C1RCV = 0x200
                    0x0200                  _I2C1RCV = 0x200
                    0x0202                  I2C1TRN = 0x202
                    0x0202                  _I2C1TRN = 0x202
                    0x0204                  I2C1BRG = 0x204
                    0x0204                  _I2C1BRG = 0x204
                    0x0206                  I2C1CON = 0x206
                    0x0206                  _I2C1CON = 0x206
                    0x0206                  _I2C1CONbits = 0x206
                    0x0208                  I2C1STAT = 0x208
                    0x0208                  _I2C1STAT = 0x208
                    0x0208                  _I2C1STATbits = 0x208
                    0x020a                  I2C1ADD = 0x20a
                    0x020a                  _I2C1ADD = 0x20a
                    0x020c                  I2C1MSK = 0x20c
                    0x020c                  _I2C1MSK = 0x20c
                    0x0210                  I2C2RCV = 0x210
                    0x0210                  _I2C2RCV = 0x210
                    0x0212                  I2C2TRN = 0x212
                    0x0212                  _I2C2TRN = 0x212
                    0x0214                  I2C2BRG = 0x214
                    0x0214                  _I2C2BRG = 0x214
                    0x0216                  I2C2CON = 0x216
                    0x0216                  _I2C2CON = 0x216
                    0x0216                  _I2C2CONbits = 0x216
                    0x0218                  I2C2STAT = 0x218
                    0x0218                  _I2C2STAT = 0x218
                    0x0218                  _I2C2STATbits = 0x218
                    0x021a                  I2C2ADD = 0x21a
                    0x021a                  _I2C2ADD = 0x21a
                    0x021c                  I2C2MSK = 0x21c
                    0x021c                  _I2C2MSK = 0x21c
                    0x0220                  U1MODE = 0x220
                    0x0220                  _U1MODE = 0x220
                    0x0220                  _U1MODEbits = 0x220
                    0x0222                  U1STA = 0x222
                    0x0222                  _U1STA = 0x222
                    0x0222                  _U1STAbits = 0x222
                    0x0224                  U1TXREG = 0x224
                    0x0224                  _U1TXREG = 0x224
                    0x0226                  U1RXREG = 0x226
                    0x0226                  _U1RXREG = 0x226
                    0x0228                  U1BRG = 0x228
                    0x0228                  _U1BRG = 0x228
                    0x0230                  U2MODE = 0x230
                    0x0230                  _U2MODE = 0x230
                    0x0230                  _U2MODEbits = 0x230
                    0x0232                  U2STA = 0x232
                    0x0232                  _U2STA = 0x232
                    0x0232                  _U2STAbits = 0x232
                    0x0234                  U2TXREG = 0x234
                    0x0234                  _U2TXREG = 0x234
                    0x0236                  U2RXREG = 0x236
                    0x0236                  _U2RXREG = 0x236
                    0x0238                  U2BRG = 0x238
                    0x0238                  _U2BRG = 0x238
                    0x0240                  SPI1STAT = 0x240
                    0x0240                  _SPI1STAT = 0x240
                    0x0240                  _SPI1STATbits = 0x240
                    0x0242                  SPI1CON1 = 0x242
                    0x0242                  _SPI1CON1 = 0x242
                    0x0242                  _SPI1CON1bits = 0x242
                    0x0244                  SPI1CON2 = 0x244
                    0x0244                  _SPI1CON2 = 0x244
                    0x0244                  _SPI1CON2bits = 0x244
                    0x0248                  SPI1BUF = 0x248
                    0x0248                  _SPI1BUF = 0x248
                    0x0250                  U3MODE = 0x250
                    0x0250                  _U3MODE = 0x250
                    0x0250                  _U3MODEbits = 0x250
                    0x0252                  U3STA = 0x252
                    0x0252                  _U3STA = 0x252
                    0x0252                  _U3STAbits = 0x252
                    0x0254                  U3TXREG = 0x254
                    0x0254                  _U3TXREG = 0x254
                    0x0256                  U3RXREG = 0x256
                    0x0256                  _U3RXREG = 0x256
                    0x0258                  U3BRG = 0x258
                    0x0258                  _U3BRG = 0x258
                    0x0260                  SPI2STAT = 0x260
                    0x0260                  _SPI2STAT = 0x260
                    0x0260                  _SPI2STATbits = 0x260
                    0x0262                  SPI2CON1 = 0x262
                    0x0262                  _SPI2CON1 = 0x262
                    0x0262                  _SPI2CON1bits = 0x262
                    0x0264                  SPI2CON2 = 0x264
                    0x0264                  _SPI2CON2 = 0x264
                    0x0264                  _SPI2CON2bits = 0x264
                    0x0268                  SPI2BUF = 0x268
                    0x0268                  _SPI2BUF = 0x268
                    0x0270                  I2C3RCV = 0x270
                    0x0270                  _I2C3RCV = 0x270
                    0x0272                  I2C3TRN = 0x272
                    0x0272                  _I2C3TRN = 0x272
                    0x0274                  I2C3BRG = 0x274
                    0x0274                  _I2C3BRG = 0x274
                    0x0276                  I2C3CON = 0x276
                    0x0276                  _I2C3CON = 0x276
                    0x0276                  _I2C3CONbits = 0x276
                    0x0278                  I2C3STAT = 0x278
                    0x0278                  _I2C3STAT = 0x278
                    0x0278                  _I2C3STATbits = 0x278
                    0x027a                  I2C3ADD = 0x27a
                    0x027a                  _I2C3ADD = 0x27a
                    0x027c                  I2C3MSK = 0x27c
                    0x027c                  _I2C3MSK = 0x27c
                    0x0280                  SPI3STAT = 0x280
                    0x0280                  _SPI3STAT = 0x280
                    0x0280                  _SPI3STATbits = 0x280
                    0x0282                  SPI3CON1 = 0x282
                    0x0282                  _SPI3CON1 = 0x282
                    0x0282                  _SPI3CON1bits = 0x282
                    0x0284                  SPI3CON2 = 0x284
                    0x0284                  _SPI3CON2 = 0x284
                    0x0284                  _SPI3CON2bits = 0x284
                    0x0288                  SPI3BUF = 0x288
                    0x0288                  _SPI3BUF = 0x288
                    0x02b0                  U4MODE = 0x2b0
                    0x02b0                  _U4MODE = 0x2b0
                    0x02b0                  _U4MODEbits = 0x2b0
                    0x02b2                  U4STA = 0x2b2
                    0x02b2                  _U4STA = 0x2b2
                    0x02b2                  _U4STAbits = 0x2b2
                    0x02b4                  U4TXREG = 0x2b4
                    0x02b4                  _U4TXREG = 0x2b4
                    0x02b6                  U4RXREG = 0x2b6
                    0x02b6                  _U4RXREG = 0x2b6
                    0x02b8                  U4BRG = 0x2b8
                    0x02b8                  _U4BRG = 0x2b8
                    0x02c8                  TRISB = 0x2c8
                    0x02c8                  _TRISB = 0x2c8
                    0x02c8                  _TRISBbits = 0x2c8
                    0x02ca                  PORTB = 0x2ca
                    0x02ca                  _PORTB = 0x2ca
                    0x02ca                  _PORTBbits = 0x2ca
                    0x02cc                  LATB = 0x2cc
                    0x02cc                  _LATB = 0x2cc
                    0x02cc                  _LATBbits = 0x2cc
                    0x02ce                  ODCB = 0x2ce
                    0x02ce                  _ODCB = 0x2ce
                    0x02ce                  _ODCBbits = 0x2ce
                    0x02d0                  TRISC = 0x2d0
                    0x02d0                  _TRISC = 0x2d0
                    0x02d0                  _TRISCbits = 0x2d0
                    0x02d2                  PORTC = 0x2d2
                    0x02d2                  _PORTC = 0x2d2
                    0x02d2                  _PORTCbits = 0x2d2
                    0x02d4                  LATC = 0x2d4
                    0x02d4                  _LATC = 0x2d4
                    0x02d4                  _LATCbits = 0x2d4
                    0x02d6                  ODCC = 0x2d6
                    0x02d6                  _ODCC = 0x2d6
                    0x02d6                  _ODCCbits = 0x2d6
                    0x02d8                  TRISD = 0x2d8
                    0x02d8                  _TRISD = 0x2d8
                    0x02d8                  _TRISDbits = 0x2d8
                    0x02da                  PORTD = 0x2da
                    0x02da                  _PORTD = 0x2da
                    0x02da                  _PORTDbits = 0x2da
                    0x02dc                  LATD = 0x2dc
                    0x02dc                  _LATD = 0x2dc
                    0x02dc                  _LATDbits = 0x2dc
                    0x02de                  ODCD = 0x2de
                    0x02de                  _ODCD = 0x2de
                    0x02de                  _ODCDbits = 0x2de
                    0x02e0                  TRISE = 0x2e0
                    0x02e0                  _TRISE = 0x2e0
                    0x02e0                  _TRISEbits = 0x2e0
                    0x02e2                  PORTE = 0x2e2
                    0x02e2                  _PORTE = 0x2e2
                    0x02e2                  _PORTEbits = 0x2e2
                    0x02e4                  LATE = 0x2e4
                    0x02e4                  _LATE = 0x2e4
                    0x02e4                  _LATEbits = 0x2e4
                    0x02e6                  ODCE = 0x2e6
                    0x02e6                  _ODCE = 0x2e6
                    0x02e6                  _ODCEbits = 0x2e6
                    0x02e8                  TRISF = 0x2e8
                    0x02e8                  _TRISF = 0x2e8
                    0x02e8                  _TRISFbits = 0x2e8
                    0x02ea                  PORTF = 0x2ea
                    0x02ea                  _PORTF = 0x2ea
                    0x02ea                  _PORTFbits = 0x2ea
                    0x02ec                  LATF = 0x2ec
                    0x02ec                  _LATF = 0x2ec
                    0x02ec                  _LATFbits = 0x2ec
                    0x02ee                  ODCF = 0x2ee
                    0x02ee                  _ODCF = 0x2ee
                    0x02ee                  _ODCFbits = 0x2ee
                    0x02f0                  TRISG = 0x2f0
                    0x02f0                  _TRISG = 0x2f0
                    0x02f0                  _TRISGbits = 0x2f0
                    0x02f2                  PORTG = 0x2f2
                    0x02f2                  _PORTG = 0x2f2
                    0x02f2                  _PORTGbits = 0x2f2
                    0x02f4                  LATG = 0x2f4
                    0x02f4                  _LATG = 0x2f4
                    0x02f4                  _LATGbits = 0x2f4
                    0x02f6                  ODCG = 0x2f6
                    0x02f6                  _ODCG = 0x2f6
                    0x02f6                  _ODCGbits = 0x2f6
                    0x02fc                  PADCFG1 = 0x2fc
                    0x02fc                  _PADCFG1 = 0x2fc
                    0x02fc                  _PADCFG1bits = 0x2fc
                    0x0300                  ADC1BUF0 = 0x300
                    0x0300                  _ADC1BUF0 = 0x300
                    0x0302                  ADC1BUF1 = 0x302
                    0x0302                  _ADC1BUF1 = 0x302
                    0x0304                  ADC1BUF2 = 0x304
                    0x0304                  _ADC1BUF2 = 0x304
                    0x0306                  ADC1BUF3 = 0x306
                    0x0306                  _ADC1BUF3 = 0x306
                    0x0308                  ADC1BUF4 = 0x308
                    0x0308                  _ADC1BUF4 = 0x308
                    0x030a                  ADC1BUF5 = 0x30a
                    0x030a                  _ADC1BUF5 = 0x30a
                    0x030c                  ADC1BUF6 = 0x30c
                    0x030c                  _ADC1BUF6 = 0x30c
                    0x030e                  ADC1BUF7 = 0x30e
                    0x030e                  _ADC1BUF7 = 0x30e
                    0x0310                  ADC1BUF8 = 0x310
                    0x0310                  _ADC1BUF8 = 0x310
                    0x0312                  ADC1BUF9 = 0x312
                    0x0312                  _ADC1BUF9 = 0x312
                    0x0314                  ADC1BUFA = 0x314
                    0x0314                  _ADC1BUFA = 0x314
                    0x0316                  ADC1BUFB = 0x316
                    0x0316                  _ADC1BUFB = 0x316
                    0x0318                  ADC1BUFC = 0x318
                    0x0318                  _ADC1BUFC = 0x318
                    0x031a                  ADC1BUFD = 0x31a
                    0x031a                  _ADC1BUFD = 0x31a
                    0x031c                  ADC1BUFE = 0x31c
                    0x031c                  _ADC1BUFE = 0x31c
                    0x031e                  ADC1BUFF = 0x31e
                    0x031e                  _ADC1BUFF = 0x31e
                    0x0320                  AD1CON1 = 0x320
                    0x0320                  _AD1CON1 = 0x320
                    0x0320                  _AD1CON1bits = 0x320
                    0x0322                  AD1CON2 = 0x322
                    0x0322                  _AD1CON2 = 0x322
                    0x0322                  _AD1CON2bits = 0x322
                    0x0324                  AD1CON3 = 0x324
                    0x0324                  _AD1CON3 = 0x324
                    0x0324                  _AD1CON3bits = 0x324
                    0x0328                  AD1CHS = 0x328
                    0x0328                  _AD1CHS = 0x328
                    0x0328                  _AD1CHSbits = 0x328
                    0x0328                  AD1CHS0 = 0x328
                    0x0328                  _AD1CHS0 = 0x328
                    0x0328                  _AD1CHS0bits = 0x328
                    0x032a                  AD1PCFGH = 0x32a
                    0x032a                  _AD1PCFGH = 0x32a
                    0x032a                  _AD1PCFGHbits = 0x32a
                    0x032c                  AD1PCFG = 0x32c
                    0x032c                  _AD1PCFG = 0x32c
                    0x032c                  _AD1PCFGbits = 0x32c
                    0x032c                  AD1PCFGL = 0x32c
                    0x032c                  _AD1PCFGL = 0x32c
                    0x032c                  _AD1PCFGLbits = 0x32c
                    0x0330                  AD1CSSL = 0x330
                    0x0330                  _AD1CSSL = 0x330
                    0x0330                  _AD1CSSLbits = 0x330
                    0x0332                  AD1CSSH = 0x332
                    0x0332                  _AD1CSSH = 0x332
                    0x0332                  _AD1CSSHbits = 0x332
                    0x033c                  CTMUCON = 0x33c
                    0x033c                  _CTMUCON = 0x33c
                    0x033c                  _CTMUCONbits = 0x33c
                    0x033e                  CTMUICON = 0x33e
                    0x033e                  _CTMUICON = 0x33e
                    0x033e                  _CTMUICONbits = 0x33e
                    0x0480                  U1OTGIR = 0x480
                    0x0480                  _U1OTGIR = 0x480